INFO: [VRFC 10-2263] Analyzing Verilog file "D:/Resourses/03_competitions/26_03_jcs/riscv_cpu/fpga/digital_twin/digital_twin.gen/sources_1/ip/DRAM/sim/DRAM.v" into library xil_defaultlib
INFO: [VRFC 10-311] analyzing module DRAM
INFO: [VRFC 10-2263] Analyzing Verilog file "D:/Resourses/03_competitions/26_03_jcs/riscv_cpu/fpga/digital_twin/digital_twin.gen/sources_1/ip/IROM/sim/IROM.v" into library xil_defaultlib
INFO: [VRFC 10-311] analyzing module IROM
INFO: [VRFC 10-2263] Analyzing Verilog file "D:/Resourses/03_competitions/26_03_jcs/riscv_cpu/fpga/digital_twin/digital_twin.gen/sources_1/ip/pll/pll_clk_wiz.v" into library xil_defaultlib
INFO: [VRFC 10-311] analyzing module pll_clk_wiz
INFO: [VRFC 10-2263] Analyzing Verilog file "D:/Resourses/03_competitions/26_03_jcs/riscv_cpu/fpga/digital_twin/digital_twin.gen/sources_1/ip/pll/pll.v" into library xil_defaultlib
INFO: [VRFC 10-311] analyzing module pll
INFO: [VRFC 10-2263] Analyzing SystemVerilog file "D:/Resourses/03_competitions/26_03_jcs/riscv_cpu/fpga/digital_twin/digital_twin.srcs/sources_1/imports/new/core/ex/alu.sv" into library xil_defaultlib
INFO: [VRFC 10-311] analyzing module alu
INFO: [VRFC 10-2263] Analyzing SystemVerilog file "D:/Resourses/03_competitions/26_03_jcs/riscv_cpu/fpga/digital_twin/digital_twin.srcs/sources_1/imports/new/core/control/bpu_top.sv" into library xil_defaultlib
INFO: [VRFC 10-311] analyzing module bpu_top
INFO: [VRFC 10-2263] Analyzing SystemVerilog file "D:/Resourses/03_competitions/26_03_jcs/riscv_cpu/fpga/digital_twin/digital_twin.srcs/sources_1/imports/new/core/ex/branch_cmp.sv" into library xil_defaultlib
INFO: [VRFC 10-311] analyzing module branch_cmp
INFO: [VRFC 10-2263] Analyzing SystemVerilog file "D:/Resourses/03_competitions/26_03_jcs/riscv_cpu/fpga/digital_twin/digital_twin.srcs/sources_1/imports/new/core/id/control_unit.sv" into library xil_defaultlib
INFO: [VRFC 10-311] analyzing module control_unit
INFO: [VRFC 10-2263] Analyzing SystemVerilog file "D:/Resourses/03_competitions/26_03_jcs/riscv_cpu/fpga/digital_twin/digital_twin.srcs/sources_1/imports/new/core/core.sv" into library xil_defaultlib
INFO: [VRFC 10-311] analyzing module core
INFO: [VRFC 10-2263] Analyzing SystemVerilog file "D:/Resourses/03_competitions/26_03_jcs/riscv_cpu/fpga/digital_twin/digital_twin.srcs/sources_1/new/counter.sv" into library xil_defaultlib
INFO: [VRFC 10-311] analyzing module counter
INFO: [VRFC 10-2263] Analyzing SystemVerilog file "D:/Resourses/03_competitions/26_03_jcs/riscv_cpu/fpga/digital_twin/digital_twin.srcs/sources_1/new/display_seg.sv" into library xil_defaultlib
INFO: [VRFC 10-311] analyzing module display_seg
INFO: [VRFC 10-2263] Analyzing SystemVerilog file "D:/Resourses/03_competitions/26_03_jcs/riscv_cpu/fpga/digital_twin/digital_twin.srcs/sources_1/new/dram_driver.sv" into library xil_defaultlib
INFO: [VRFC 10-311] analyzing module dram_driver
INFO: [VRFC 10-2263] Analyzing SystemVerilog file "D:/Resourses/03_competitions/26_03_jcs/riscv_cpu/fpga/digital_twin/digital_twin.srcs/sources_1/imports/new/core/control/forward_unit.sv" into library xil_defaultlib
INFO: [VRFC 10-311] analyzing module forward_unit
INFO: [VRFC 10-2263] Analyzing SystemVerilog file "D:/Resourses/03_competitions/26_03_jcs/riscv_cpu/fpga/digital_twin/digital_twin.srcs/sources_1/imports/new/core/control/hazard_unit.sv" into library xil_defaultlib
INFO: [VRFC 10-311] analyzing module hazard_unit
INFO: [VRFC 10-2263] Analyzing SystemVerilog file "D:/Resourses/03_competitions/26_03_jcs/riscv_cpu/fpga/digital_twin/digital_twin.srcs/sources_1/imports/new/core/id/imm_unit.sv" into library xil_defaultlib
INFO: [VRFC 10-311] analyzing module imm_unit
INFO: [VRFC 10-2263] Analyzing SystemVerilog file "D:/Resourses/03_competitions/26_03_jcs/riscv_cpu/fpga/digital_twin/digital_twin.srcs/sources_1/imports/new/myCPU.sv" into library xil_defaultlib
INFO: [VRFC 10-311] analyzing module myCPU
INFO: [VRFC 10-2263] Analyzing SystemVerilog file "D:/Resourses/03_competitions/26_03_jcs/riscv_cpu/fpga/digital_twin/digital_twin.srcs/sources_1/imports/new/core/if/pc_reg.sv" into library xil_defaultlib
INFO: [VRFC 10-311] analyzing module pc_reg
INFO: [VRFC 10-2263] Analyzing SystemVerilog file "D:/Resourses/03_competitions/26_03_jcs/riscv_cpu/fpga/digital_twin/digital_twin.srcs/sources_1/new/perip_bridge.sv" into library xil_defaultlib
INFO: [VRFC 10-311] analyzing module perip_bridge
INFO: [VRFC 10-2263] Analyzing SystemVerilog file "D:/Resourses/03_competitions/26_03_jcs/riscv_cpu/fpga/digital_twin/digital_twin.srcs/sources_1/imports/new/core/pipeline_regs/reg_ex_mem.sv" into library xil_defaultlib
INFO: [VRFC 10-311] analyzing module reg_ex_mem
INFO: [VRFC 10-2263] Analyzing SystemVerilog file "D:/Resourses/03_competitions/26_03_jcs/riscv_cpu/fpga/digital_twin/digital_twin.srcs/sources_1/imports/new/core/pipeline_regs/reg_id_ex.sv" into library xil_defaultlib
INFO: [VRFC 10-311] analyzing module reg_id_ex
INFO: [VRFC 10-2263] Analyzing SystemVerilog file "D:/Resourses/03_competitions/26_03_jcs/riscv_cpu/fpga/digital_twin/digital_twin.srcs/sources_1/imports/new/core/pipeline_regs/reg_if_id.sv" into library xil_defaultlib
INFO: [VRFC 10-311] analyzing module reg_if_id
INFO: [VRFC 10-2263] Analyzing SystemVerilog file "D:/Resourses/03_competitions/26_03_jcs/riscv_cpu/fpga/digital_twin/digital_twin.srcs/sources_1/imports/new/core/pipeline_regs/reg_mem_wb.sv" into library xil_defaultlib
INFO: [VRFC 10-311] analyzing module reg_mem_wb
INFO: [VRFC 10-2263] Analyzing SystemVerilog file "D:/Resourses/03_competitions/26_03_jcs/riscv_cpu/fpga/digital_twin/digital_twin.srcs/sources_1/imports/new/core/id/regfile.sv" into library xil_defaultlib
INFO: [VRFC 10-311] analyzing module regfile
INFO: [VRFC 10-2263] Analyzing SystemVerilog file "D:/Resourses/03_competitions/26_03_jcs/riscv_cpu/fpga/digital_twin/digital_twin.srcs/sources_1/new/seg7.sv" into library xil_defaultlib
INFO: [VRFC 10-311] analyzing module seg7
INFO: [VRFC 10-2263] Analyzing SystemVerilog file "D:/Resourses/03_competitions/26_03_jcs/riscv_cpu/fpga/digital_twin/digital_twin.srcs/sources_1/imports/new/core/ex/stage_ex.sv" into library xil_defaultlib
INFO: [VRFC 10-311] analyzing module stage_ex
INFO: [VRFC 10-2263] Analyzing SystemVerilog file "D:/Resourses/03_competitions/26_03_jcs/riscv_cpu/fpga/digital_twin/digital_twin.srcs/sources_1/imports/new/core/id/stage_id.sv" into library xil_defaultlib
INFO: [VRFC 10-311] analyzing module stage_id
INFO: [VRFC 10-2263] Analyzing SystemVerilog file "D:/Resourses/03_competitions/26_03_jcs/riscv_cpu/fpga/digital_twin/digital_twin.srcs/sources_1/imports/new/core/if/stage_if.sv" into library xil_defaultlib
INFO: [VRFC 10-311] analyzing module stage_if
INFO: [VRFC 10-2263] Analyzing SystemVerilog file "D:/Resourses/03_competitions/26_03_jcs/riscv_cpu/fpga/digital_twin/digital_twin.srcs/sources_1/imports/new/core/mem/stage_mem.sv" into library xil_defaultlib
INFO: [VRFC 10-311] analyzing module stage_mem
INFO: [VRFC 10-2263] Analyzing SystemVerilog file "D:/Resourses/03_competitions/26_03_jcs/riscv_cpu/fpga/digital_twin/digital_twin.srcs/sources_1/imports/new/core/wb/stage_wb.sv" into library xil_defaultlib
INFO: [VRFC 10-311] analyzing module stage_wb
INFO: [VRFC 10-2263] Analyzing SystemVerilog file "D:/Resourses/03_competitions/26_03_jcs/riscv_cpu/fpga/digital_twin/digital_twin.srcs/sources_1/new/student_top.sv" into library xil_defaultlib
INFO: [VRFC 10-311] analyzing module student_top
INFO: [VRFC 10-2263] Analyzing SystemVerilog file "D:/Resourses/03_competitions/26_03_jcs/riscv_cpu/fpga/digital_twin/digital_twin.srcs/sources_1/new/top.sv" into library xil_defaultlib
INFO: [VRFC 10-311] analyzing module top
INFO: [VRFC 10-2263] Analyzing SystemVerilog file "D:/Resourses/03_competitions/26_03_jcs/riscv_cpu/fpga/digital_twin/digital_twin.srcs/sources_1/new/twin_controller.sv" into library xil_defaultlib
INFO: [VRFC 10-311] analyzing module twin_controller
INFO: [VRFC 10-2263] Analyzing SystemVerilog file "D:/Resourses/03_competitions/26_03_jcs/riscv_cpu/fpga/digital_twin/digital_twin.srcs/sources_1/new/uart.sv" into library xil_defaultlib
INFO: [VRFC 10-311] analyzing module uart
INFO: [VRFC 10-2263] Analyzing SystemVerilog file "D:/Resourses/03_competitions/26_03_jcs/riscv_cpu/fpga/digital_twin/digital_twin.srcs/sim_1/new/tb_myCPU.sv" into library xil_defaultlib
INFO: [VRFC 10-311] analyzing module tb_myCPU
INFO: [VRFC 10-2263] Analyzing Verilog file "D:/Resourses/03_competitions/26_03_jcs/riscv_cpu/fpga/digital_twin/digital_twin.sim/sim_1/behav/xsim/glbl.v" into library xil_defaultlib
INFO: [VRFC 10-311] analyzing module glbl
