Vivado Simulator v2023.2
Copyright 1986-2022 Xilinx, Inc. All Rights Reserved.
Copyright 2022-2023 Advanced Micro Devices, Inc. All Rights Reserved.
Running: D:/AppMajor/xilinx/Vivado/2023.2/bin/unwrapped/win64.o/xelab.exe --incr --debug typical --relax --mt 2 -L xil_defaultlib -L dist_mem_gen_v8_0_14 -L uvm -L unisims_ver -L unimacro_ver -L secureip -L xpm --snapshot tb_myCPU_behav xil_defaultlib.tb_myCPU xil_defaultlib.glbl -log elaborate.log 
Using 2 slave threads.
Starting static elaboration
Pass Through NonSizing Optimizer
Completed static elaboration
Starting simulation data flow analysis
WARNING: [XSIM 43-4099] "D:/Resourses/03_competitions/26_03_jcs/riscv_cpu/fpga/digital_twin/digital_twin.srcs/sources_1/imports/new/core/core.sv" Line 12. Module core doesn't have a timescale but at least one module in design has a timescale.
WARNING: [XSIM 43-4099] "D:/Resourses/03_competitions/26_03_jcs/riscv_cpu/fpga/digital_twin/digital_twin.srcs/sources_1/imports/new/core/control/bpu_top.sv" Line 21. Module bpu_top_default doesn't have a timescale but at least one module in design has a timescale.
WARNING: [XSIM 43-4099] "D:/Resourses/03_competitions/26_03_jcs/riscv_cpu/fpga/digital_twin/digital_twin.srcs/sources_1/imports/new/core/id/control_unit.sv" Line 12. Module control_unit doesn't have a timescale but at least one module in design has a timescale.
WARNING: [XSIM 43-4099] "D:/Resourses/03_competitions/26_03_jcs/riscv_cpu/fpga/digital_twin/digital_twin.srcs/sources_1/imports/new/core/ex/alu.sv" Line 12. Module alu doesn't have a timescale but at least one module in design has a timescale.
WARNING: [XSIM 43-4099] "D:/Resourses/03_competitions/26_03_jcs/riscv_cpu/fpga/digital_twin/digital_twin.srcs/sources_1/imports/new/core/ex/branch_cmp.sv" Line 13. Module branch_cmp doesn't have a timescale but at least one module in design has a timescale.
WARNING: [XSIM 43-4099] "D:/Resourses/03_competitions/26_03_jcs/riscv_cpu/fpga/digital_twin/digital_twin.srcs/sources_1/imports/new/core/core.sv" Line 12. Module core doesn't have a timescale but at least one module in design has a timescale.
WARNING: [XSIM 43-4099] "D:/Resourses/03_competitions/26_03_jcs/riscv_cpu/fpga/digital_twin/digital_twin.srcs/sources_1/imports/new/core/control/bpu_top.sv" Line 21. Module bpu_top_default doesn't have a timescale but at least one module in design has a timescale.
WARNING: [XSIM 43-4099] "D:/Resourses/03_competitions/26_03_jcs/riscv_cpu/fpga/digital_twin/digital_twin.srcs/sources_1/imports/new/core/id/control_unit.sv" Line 12. Module control_unit doesn't have a timescale but at least one module in design has a timescale.
WARNING: [XSIM 43-4099] "D:/Resourses/03_competitions/26_03_jcs/riscv_cpu/fpga/digital_twin/digital_twin.srcs/sources_1/imports/new/core/ex/alu.sv" Line 12. Module alu doesn't have a timescale but at least one module in design has a timescale.
WARNING: [XSIM 43-4099] "D:/Resourses/03_competitions/26_03_jcs/riscv_cpu/fpga/digital_twin/digital_twin.srcs/sources_1/imports/new/core/ex/branch_cmp.sv" Line 13. Module branch_cmp doesn't have a timescale but at least one module in design has a timescale.
Completed simulation data flow analysis
Time Resolution for simulation is 1ps
Compiling module unisims_ver.IBUFDS
Compiling module unisims_ver.PLLE2_ADV(CLKFBOUT_MULT=17,CLKIN...
Compiling module unisims_ver.BUFG
Compiling module xil_defaultlib.pll_clk_wiz
Compiling module xil_defaultlib.pll
Compiling module xil_defaultlib.uart(BAUD_RATE=9600)
Compiling module xil_defaultlib.twin_controller
Compiling module xil_defaultlib.pc_reg
Compiling module xil_defaultlib.stage_if
Compiling module xil_defaultlib.bpu_top_default
Compiling module xil_defaultlib.hazard_unit
Compiling module xil_defaultlib.reg_if_id
Compiling module xil_defaultlib.control_unit
Compiling module xil_defaultlib.imm_unit
Compiling module xil_defaultlib.regfile
Compiling module xil_defaultlib.stage_id
Compiling module xil_defaultlib.reg_id_ex
Compiling module xil_defaultlib.forward_unit
Compiling module xil_defaultlib.alu
Compiling module xil_defaultlib.branch_cmp
Compiling module xil_defaultlib.stage_ex
Compiling module xil_defaultlib.reg_ex_mem
Compiling module xil_defaultlib.stage_mem
Compiling module xil_defaultlib.reg_mem_wb
Compiling module xil_defaultlib.stage_wb
Compiling module xil_defaultlib.core
Compiling module xil_defaultlib.myCPU
Compiling module dist_mem_gen_v8_0_14.dist_mem_gen_v8_0_14(C_FAMILY="k...
Compiling module xil_defaultlib.IROM
Compiling module xil_defaultlib.seg7
Compiling module xil_defaultlib.display_seg
Compiling module dist_mem_gen_v8_0_14.dist_mem_gen_v8_0_14(C_FAMILY="k...
Compiling module xil_defaultlib.DRAM
Compiling module xil_defaultlib.dram_driver
Compiling module xil_defaultlib.counter
Compiling module xil_defaultlib.perip_bridge
Compiling module xil_defaultlib.student_top
Compiling module xil_defaultlib.top
Compiling module xil_defaultlib.tb_myCPU
Compiling module xil_defaultlib.glbl
Built simulation snapshot tb_myCPU_behav
