rm -f ./coremark.elf ./core_list_join.o ./core_main.o ./core_matrix.o ./core_state.o ./core_util.o ./barebones/core_portme.o ./barebones/ee_printf.o ./crt0.o ./*.log *.info ./index.html 
riscv64-unknown-elf-gcc -O2 -g -march=rv32i -mabi=ilp32 -ffreestanding -nostdlib -Wall -Wextra -DSIM_VERILATOR=1 -DCLOCKS_PER_SEC=1000 -Ibarebones -I. -I../common -DFLAGS_STR=\""-O2 -g -march=rv32i -mabi=ilp32 -ffreestanding -nostdlib -Wall -Wextra -DSIM_VERILATOR=1 -DCLOCKS_PER_SEC=1000 -DTOTAL_DATA_SIZE=2000 -DSIM_VERILATOR=1  -lgcc"\"  -DITERATIONS=32 -DTOTAL_DATA_SIZE=2000 -DSIM_VERILATOR=1 -c core_list_join.c -o core_list_join.o
riscv64-unknown-elf-gcc -O2 -g -march=rv32i -mabi=ilp32 -ffreestanding -nostdlib -Wall -Wextra -DSIM_VERILATOR=1 -DCLOCKS_PER_SEC=1000 -Ibarebones -I. -I../common -DFLAGS_STR=\""-O2 -g -march=rv32i -mabi=ilp32 -ffreestanding -nostdlib -Wall -Wextra -DSIM_VERILATOR=1 -DCLOCKS_PER_SEC=1000 -DTOTAL_DATA_SIZE=2000 -DSIM_VERILATOR=1  -lgcc"\"  -DITERATIONS=32 -DTOTAL_DATA_SIZE=2000 -DSIM_VERILATOR=1 -c core_main.c -o core_main.o
core_main.c: In function 'main':
core_main.c:119:18: warning: variable 'known_id' set but not used [-Wunused-but-set-variable]
  119 |     ee_s16       known_id = -1, total_errors = 0;
      |                  ^~~~~~~~
core_main.c: At top level:
core_main.c:46:15: warning: 'state_known_crc' defined but not used [-Wunused-variable]
   46 | static ee_u16 state_known_crc[]  = { (ee_u16)0x5e47,
      |               ^~~~~~~~~~~~~~~
core_main.c:41:15: warning: 'matrix_known_crc' defined but not used [-Wunused-variable]
   41 | static ee_u16 matrix_known_crc[] = { (ee_u16)0xbe52,
      |               ^~~~~~~~~~~~~~~~
core_main.c:36:15: warning: 'list_known_crc' defined but not used [-Wunused-variable]
   36 | static ee_u16 list_known_crc[]   = { (ee_u16)0xd4b0,
      |               ^~~~~~~~~~~~~~
riscv64-unknown-elf-gcc -O2 -g -march=rv32i -mabi=ilp32 -ffreestanding -nostdlib -Wall -Wextra -DSIM_VERILATOR=1 -DCLOCKS_PER_SEC=1000 -Ibarebones -I. -I../common -DFLAGS_STR=\""-O2 -g -march=rv32i -mabi=ilp32 -ffreestanding -nostdlib -Wall -Wextra -DSIM_VERILATOR=1 -DCLOCKS_PER_SEC=1000 -DTOTAL_DATA_SIZE=2000 -DSIM_VERILATOR=1  -lgcc"\"  -DITERATIONS=32 -DTOTAL_DATA_SIZE=2000 -DSIM_VERILATOR=1 -c core_matrix.c -o core_matrix.o
riscv64-unknown-elf-gcc -O2 -g -march=rv32i -mabi=ilp32 -ffreestanding -nostdlib -Wall -Wextra -DSIM_VERILATOR=1 -DCLOCKS_PER_SEC=1000 -Ibarebones -I. -I../common -DFLAGS_STR=\""-O2 -g -march=rv32i -mabi=ilp32 -ffreestanding -nostdlib -Wall -Wextra -DSIM_VERILATOR=1 -DCLOCKS_PER_SEC=1000 -DTOTAL_DATA_SIZE=2000 -DSIM_VERILATOR=1  -lgcc"\"  -DITERATIONS=32 -DTOTAL_DATA_SIZE=2000 -DSIM_VERILATOR=1 -c core_state.c -o core_state.o
riscv64-unknown-elf-gcc -O2 -g -march=rv32i -mabi=ilp32 -ffreestanding -nostdlib -Wall -Wextra -DSIM_VERILATOR=1 -DCLOCKS_PER_SEC=1000 -Ibarebones -I. -I../common -DFLAGS_STR=\""-O2 -g -march=rv32i -mabi=ilp32 -ffreestanding -nostdlib -Wall -Wextra -DSIM_VERILATOR=1 -DCLOCKS_PER_SEC=1000 -DTOTAL_DATA_SIZE=2000 -DSIM_VERILATOR=1  -lgcc"\"  -DITERATIONS=32 -DTOTAL_DATA_SIZE=2000 -DSIM_VERILATOR=1 -c core_util.c -o core_util.o
riscv64-unknown-elf-gcc -O2 -g -march=rv32i -mabi=ilp32 -ffreestanding -nostdlib -Wall -Wextra -DSIM_VERILATOR=1 -DCLOCKS_PER_SEC=1000 -Ibarebones -I. -I../common -DFLAGS_STR=\""-O2 -g -march=rv32i -mabi=ilp32 -ffreestanding -nostdlib -Wall -Wextra -DSIM_VERILATOR=1 -DCLOCKS_PER_SEC=1000 -DTOTAL_DATA_SIZE=2000 -DSIM_VERILATOR=1  -lgcc"\"  -DITERATIONS=32 -DTOTAL_DATA_SIZE=2000 -DSIM_VERILATOR=1 -c barebones/core_portme.c -o barebones/core_portme.o
riscv64-unknown-elf-gcc -O2 -g -march=rv32i -mabi=ilp32 -ffreestanding -nostdlib -Wall -Wextra -DSIM_VERILATOR=1 -DCLOCKS_PER_SEC=1000 -Ibarebones -I. -I../common -DFLAGS_STR=\""-O2 -g -march=rv32i -mabi=ilp32 -ffreestanding -nostdlib -Wall -Wextra -DSIM_VERILATOR=1 -DCLOCKS_PER_SEC=1000 -DTOTAL_DATA_SIZE=2000 -DSIM_VERILATOR=1  -lgcc"\"  -DITERATIONS=32 -DTOTAL_DATA_SIZE=2000 -DSIM_VERILATOR=1 -c barebones/ee_printf.c -o barebones/ee_printf.o
barebones/ee_printf.c: In function 'eaddr':
barebones/ee_printf.c:144:53: warning: unused parameter 'precision' [-Wunused-parameter]
  144 | eaddr(char *str, unsigned char *addr, int size, int precision, int type)
      |                                                 ~~~~^~~~~~~~~
barebones/ee_printf.c: In function 'iaddr':
barebones/ee_printf.c:173:53: warning: unused parameter 'precision' [-Wunused-parameter]
  173 | iaddr(char *str, unsigned char *addr, int size, int precision, int type)
      |                                                 ~~~~^~~~~~~~~
barebones/ee_printf.c: In function 'ee_vsprintf':
barebones/ee_printf.c:590:23: warning: this statement may fall through [-Wimplicit-fallthrough=]
  590 |                 flags |= UPPERCASE;
      |                       ^
barebones/ee_printf.c:592:13: note: here
  592 |             case 'a':
      |             ^~~~
barebones/ee_printf.c:613:23: warning: this statement may fall through [-Wimplicit-fallthrough=]
  613 |                 flags |= UPPERCASE;
      |                       ^
barebones/ee_printf.c:615:13: note: here
  615 |             case 'x':
      |             ^~~~
riscv64-unknown-elf-gcc -O2 -g -march=rv32i -mabi=ilp32 -ffreestanding -nostdlib -Wall -Wextra -DSIM_VERILATOR=1 -DCLOCKS_PER_SEC=1000 -Ibarebones -I. -I../common -DFLAGS_STR=\""-O2 -g -march=rv32i -mabi=ilp32 -ffreestanding -nostdlib -Wall -Wextra -DSIM_VERILATOR=1 -DCLOCKS_PER_SEC=1000 -DTOTAL_DATA_SIZE=2000 -DSIM_VERILATOR=1  -lgcc"\"  -DITERATIONS=32 -DTOTAL_DATA_SIZE=2000 -DSIM_VERILATOR=1 -c ../common/crt0.S -o crt0.o
riscv64-unknown-elf-gcc -march=rv32i -mabi=ilp32 -nostdlib -T../common/linker.ld  ./core_list_join.o ./core_main.o ./core_matrix.o ./core_state.o ./core_util.o ./barebones/core_portme.o ./barebones/ee_printf.o ./crt0.o -o ./coremark.elf -lgcc
