
*** Running vivado
    with args -log top.vdi -applog -m64 -product Vivado -messageDb vivado.pb -mode batch -source top.tcl -notrace


ECHO 处于关闭状态。
ECHO 处于关闭状态。

****** Vivado v2023.2 (64-bit)
  **** SW Build 4029153 on Fri Oct 13 20:14:34 MDT 2023
  **** IP Build 4028589 on Sat Oct 14 00:45:43 MDT 2023
  **** SharedData Build 4025554 on Tue Oct 10 17:18:54 MDT 2023
    ** Copyright 1986-2022 Xilinx, Inc. All Rights Reserved.
    ** Copyright 2022-2023 Advanced Micro Devices, Inc. All Rights Reserved.

source top.tcl -notrace
create_project: Time (s): cpu = 00:00:08 ; elapsed = 00:00:09 . Memory (MB): peak = 498.973 ; gain = 181.129
Command: link_design -top top -part xc7k325tffg900-2
Design is defaulting to srcset: sources_1
Design is defaulting to constrset: constrs_1
INFO: [Device 21-403] Loading part xc7k325tffg900-2
INFO: [Project 1-454] Reading design checkpoint 'd:/jichuang/fpga/digital_twin/digital_twin.gen/sources_1/ip/pll_1/pll.dcp' for cell 'pll_inst'
INFO: [Project 1-454] Reading design checkpoint 'd:/jichuang/fpga/digital_twin/digital_twin.gen/sources_1/ip/dram_ip_8bit/dram_ip_8bit.dcp' for cell 'student_top_inst/u_dram_b0'
INFO: [Project 1-454] Reading design checkpoint 'd:/jichuang/fpga/digital_twin/digital_twin.gen/sources_1/ip/irom_ip/irom_ip.dcp' for cell 'student_top_inst/u_irom'
Netlist sorting complete. Time (s): cpu = 00:00:00 ; elapsed = 00:00:00.081 . Memory (MB): peak = 1010.668 ; gain = 0.000
INFO: [Netlist 29-17] Analyzing 10249 Unisim elements for replacement
INFO: [Netlist 29-28] Unisim Transformation completed in 5 CPU seconds
INFO: [Project 1-479] Netlist was created with Vivado 2023.2
INFO: [Project 1-570] Preparing netlist for logic optimization
Parsing XDC File [d:/jichuang/fpga/digital_twin/digital_twin.gen/sources_1/ip/pll_1/pll_board.xdc] for cell 'pll_inst/inst'
Finished Parsing XDC File [d:/jichuang/fpga/digital_twin/digital_twin.gen/sources_1/ip/pll_1/pll_board.xdc] for cell 'pll_inst/inst'
Parsing XDC File [d:/jichuang/fpga/digital_twin/digital_twin.gen/sources_1/ip/pll_1/pll.xdc] for cell 'pll_inst/inst'
INFO: [Timing 38-35] Done setting XDC timing constraints. [d:/jichuang/fpga/digital_twin/digital_twin.gen/sources_1/ip/pll_1/pll.xdc:54]
INFO: [Timing 38-2] Deriving generated clocks [d:/jichuang/fpga/digital_twin/digital_twin.gen/sources_1/ip/pll_1/pll.xdc:54]
get_clocks: Time (s): cpu = 00:00:14 ; elapsed = 00:00:13 . Memory (MB): peak = 1923.625 ; gain = 683.598
Finished Parsing XDC File [d:/jichuang/fpga/digital_twin/digital_twin.gen/sources_1/ip/pll_1/pll.xdc] for cell 'pll_inst/inst'
Parsing XDC File [D:/jichuang/fpga/digital_twin/digital_twin.srcs/constrs_1/new/digital_twin.xdc]
Finished Parsing XDC File [D:/jichuang/fpga/digital_twin/digital_twin.srcs/constrs_1/new/digital_twin.xdc]
INFO: [Opt 31-138] Pushed 0 inverter(s) to 0 load pin(s).
Netlist sorting complete. Time (s): cpu = 00:00:00 ; elapsed = 00:00:00.058 . Memory (MB): peak = 1923.965 ; gain = 0.000
INFO: [Project 1-111] Unisim Transformation Summary:
  A total of 8192 instances were transformed.
  RAM256X1S => RAM256X1S (MUXF7(x2), MUXF8, RAMS64E(x4)): 8192 instances

系统找不到指定的路径。
12 Infos, 0 Warnings, 0 Critical Warnings and 0 Errors encountered.
link_design completed successfully
link_design: Time (s): cpu = 00:00:35 ; elapsed = 00:00:38 . Memory (MB): peak = 1923.965 ; gain = 1410.418
Command: opt_design
Attempting to get a license for feature 'Implementation' and/or device 'xc7k325t'
INFO: [Common 17-349] Got license for feature 'Implementation' and/or device 'xc7k325t'
Running DRC as a precondition to command opt_design

Starting DRC Task
INFO: [DRC 23-27] Running DRC with 2 threads
INFO: [Project 1-461] DRC finished with 0 Errors
INFO: [Project 1-462] Please refer to the DRC report (report_drc) for more information.

Time (s): cpu = 00:00:02 ; elapsed = 00:00:02 . Memory (MB): peak = 1923.965 ; gain = 0.000

Starting Cache Timing Information Task
INFO: [Timing 38-35] Done setting XDC timing constraints.
Ending Cache Timing Information Task | Checksum: 1677fcb7a

Time (s): cpu = 00:00:05 ; elapsed = 00:00:03 . Memory (MB): peak = 1955.898 ; gain = 31.934

Starting Logic Optimization Task

Phase 1 Initialization

Phase 1.1 Core Generation And Design Setup
Phase 1.1 Core Generation And Design Setup | Checksum: 1677fcb7a

Time (s): cpu = 00:00:00 ; elapsed = 00:00:00.026 . Memory (MB): peak = 2337.117 ; gain = 0.000

Phase 1.2 Setup Constraints And Sort Netlist
Phase 1.2 Setup Constraints And Sort Netlist | Checksum: 1677fcb7a

Time (s): cpu = 00:00:01 ; elapsed = 00:00:00.123 . Memory (MB): peak = 2337.117 ; gain = 0.000
Phase 1 Initialization | Checksum: 1677fcb7a

Time (s): cpu = 00:00:01 ; elapsed = 00:00:00.142 . Memory (MB): peak = 2337.117 ; gain = 0.000

Phase 2 Timer Update And Timing Data Collection

Phase 2.1 Timer Update
Phase 2.1 Timer Update | Checksum: 1677fcb7a

Time (s): cpu = 00:00:02 ; elapsed = 00:00:01 . Memory (MB): peak = 2337.117 ; gain = 0.000

Phase 2.2 Timing Data Collection
Phase 2.2 Timing Data Collection | Checksum: 1677fcb7a

Time (s): cpu = 00:00:03 ; elapsed = 00:00:02 . Memory (MB): peak = 2337.117 ; gain = 0.000
Phase 2 Timer Update And Timing Data Collection | Checksum: 1677fcb7a

Time (s): cpu = 00:00:03 ; elapsed = 00:00:03 . Memory (MB): peak = 2337.117 ; gain = 0.000

Phase 3 Retarget
WARNING: [Opt 31-155] Driverless net student_top_inst/u_dram_b0/U0/synth_options.dist_mem_inst/gen_sp_ram.spram_inst/a[10] is driving LUT input pin I0 which is used by the LUT equation. If the LUT is not removed or a driver added, this warning will become an error. LUT cell name: student_top_inst/u_dram_b0/U0/synth_options.dist_mem_inst/gen_sp_ram.spram_inst/ram_reg_11008_11263_0_0_i_2
WARNING: [Opt 31-155] Driverless net student_top_inst/u_dram_b1/U0/synth_options.dist_mem_inst/gen_sp_ram.spram_inst/a[10] is driving LUT input pin I0 which is used by the LUT equation. If the LUT is not removed or a driver added, this warning will become an error. LUT cell name: student_top_inst/u_dram_b1/U0/synth_options.dist_mem_inst/gen_sp_ram.spram_inst/ram_reg_11008_11263_0_0_i_2
WARNING: [Opt 31-155] Driverless net student_top_inst/u_dram_b2/U0/synth_options.dist_mem_inst/gen_sp_ram.spram_inst/a[10] is driving LUT input pin I0 which is used by the LUT equation. If the LUT is not removed or a driver added, this warning will become an error. LUT cell name: student_top_inst/u_dram_b2/U0/synth_options.dist_mem_inst/gen_sp_ram.spram_inst/ram_reg_11008_11263_0_0_i_2
WARNING: [Opt 31-155] Driverless net student_top_inst/u_dram_b3/U0/synth_options.dist_mem_inst/gen_sp_ram.spram_inst/a[10] is driving LUT input pin I0 which is used by the LUT equation. If the LUT is not removed or a driver added, this warning will become an error. LUT cell name: student_top_inst/u_dram_b3/U0/synth_options.dist_mem_inst/gen_sp_ram.spram_inst/ram_reg_11008_11263_0_0_i_2
WARNING: [Opt 31-155] Driverless net student_top_inst/u_dram_b0/U0/synth_options.dist_mem_inst/gen_sp_ram.spram_inst/a[13] is driving LUT input pin I0 which is used by the LUT equation. If the LUT is not removed or a driver added, this warning will become an error. LUT cell name: student_top_inst/u_dram_b0/U0/synth_options.dist_mem_inst/gen_sp_ram.spram_inst/ram_reg_11264_11519_0_0_i_2
WARNING: [Opt 31-155] Driverless net student_top_inst/u_dram_b0/U0/synth_options.dist_mem_inst/gen_sp_ram.spram_inst/a[11] is driving LUT input pin I1 which is used by the LUT equation. If the LUT is not removed or a driver added, this warning will become an error. LUT cell name: student_top_inst/u_dram_b0/U0/synth_options.dist_mem_inst/gen_sp_ram.spram_inst/ram_reg_11264_11519_0_0_i_2
WARNING: [Opt 31-155] Driverless net student_top_inst/u_dram_b1/U0/synth_options.dist_mem_inst/gen_sp_ram.spram_inst/a[13] is driving LUT input pin I0 which is used by the LUT equation. If the LUT is not removed or a driver added, this warning will become an error. LUT cell name: student_top_inst/u_dram_b1/U0/synth_options.dist_mem_inst/gen_sp_ram.spram_inst/ram_reg_11264_11519_0_0_i_2
WARNING: [Opt 31-155] Driverless net student_top_inst/u_dram_b1/U0/synth_options.dist_mem_inst/gen_sp_ram.spram_inst/a[11] is driving LUT input pin I1 which is used by the LUT equation. If the LUT is not removed or a driver added, this warning will become an error. LUT cell name: student_top_inst/u_dram_b1/U0/synth_options.dist_mem_inst/gen_sp_ram.spram_inst/ram_reg_11264_11519_0_0_i_2
WARNING: [Opt 31-155] Driverless net student_top_inst/u_dram_b2/U0/synth_options.dist_mem_inst/gen_sp_ram.spram_inst/a[13] is driving LUT input pin I0 which is used by the LUT equation. If the LUT is not removed or a driver added, this warning will become an error. LUT cell name: student_top_inst/u_dram_b2/U0/synth_options.dist_mem_inst/gen_sp_ram.spram_inst/ram_reg_11264_11519_0_0_i_2
WARNING: [Opt 31-155] Driverless net student_top_inst/u_dram_b2/U0/synth_options.dist_mem_inst/gen_sp_ram.spram_inst/a[11] is driving LUT input pin I1 which is used by the LUT equation. If the LUT is not removed or a driver added, this warning will become an error. LUT cell name: student_top_inst/u_dram_b2/U0/synth_options.dist_mem_inst/gen_sp_ram.spram_inst/ram_reg_11264_11519_0_0_i_2
WARNING: [Opt 31-155] Driverless net student_top_inst/u_dram_b3/U0/synth_options.dist_mem_inst/gen_sp_ram.spram_inst/a[13] is driving LUT input pin I0 which is used by the LUT equation. If the LUT is not removed or a driver added, this warning will become an error. LUT cell name: student_top_inst/u_dram_b3/U0/synth_options.dist_mem_inst/gen_sp_ram.spram_inst/ram_reg_11264_11519_0_0_i_2
WARNING: [Opt 31-155] Driverless net student_top_inst/u_dram_b3/U0/synth_options.dist_mem_inst/gen_sp_ram.spram_inst/a[11] is driving LUT input pin I1 which is used by the LUT equation. If the LUT is not removed or a driver added, this warning will become an error. LUT cell name: student_top_inst/u_dram_b3/U0/synth_options.dist_mem_inst/gen_sp_ram.spram_inst/ram_reg_11264_11519_0_0_i_2
WARNING: [Opt 31-155] Driverless net student_top_inst/u_dram_b0/U0/synth_options.dist_mem_inst/gen_sp_ram.spram_inst/a[9] is driving LUT input pin I0 which is used by the LUT equation. If the LUT is not removed or a driver added, this warning will become an error. LUT cell name: student_top_inst/u_dram_b0/U0/synth_options.dist_mem_inst/gen_sp_ram.spram_inst/ram_reg_11520_11775_0_0_i_2
WARNING: [Opt 31-155] Driverless net student_top_inst/u_dram_b1/U0/synth_options.dist_mem_inst/gen_sp_ram.spram_inst/a[9] is driving LUT input pin I0 which is used by the LUT equation. If the LUT is not removed or a driver added, this warning will become an error. LUT cell name: student_top_inst/u_dram_b1/U0/synth_options.dist_mem_inst/gen_sp_ram.spram_inst/ram_reg_11520_11775_0_0_i_2
WARNING: [Opt 31-155] Driverless net student_top_inst/u_dram_b2/U0/synth_options.dist_mem_inst/gen_sp_ram.spram_inst/a[9] is driving LUT input pin I0 which is used by the LUT equation. If the LUT is not removed or a driver added, this warning will become an error. LUT cell name: student_top_inst/u_dram_b2/U0/synth_options.dist_mem_inst/gen_sp_ram.spram_inst/ram_reg_11520_11775_0_0_i_2
WARNING: [Opt 31-155] Driverless net student_top_inst/u_dram_b3/U0/synth_options.dist_mem_inst/gen_sp_ram.spram_inst/a[9] is driving LUT input pin I0 which is used by the LUT equation. If the LUT is not removed or a driver added, this warning will become an error. LUT cell name: student_top_inst/u_dram_b3/U0/synth_options.dist_mem_inst/gen_sp_ram.spram_inst/ram_reg_11520_11775_0_0_i_2
WARNING: [Opt 31-155] Driverless net student_top_inst/u_dram_b0/U0/synth_options.dist_mem_inst/gen_sp_ram.spram_inst/a[8] is driving LUT input pin I0 which is used by the LUT equation. If the LUT is not removed or a driver added, this warning will become an error. LUT cell name: student_top_inst/u_dram_b0/U0/synth_options.dist_mem_inst/gen_sp_ram.spram_inst/ram_reg_11776_12031_0_0_i_2
WARNING: [Opt 31-155] Driverless net student_top_inst/u_dram_b1/U0/synth_options.dist_mem_inst/gen_sp_ram.spram_inst/a[8] is driving LUT input pin I0 which is used by the LUT equation. If the LUT is not removed or a driver added, this warning will become an error. LUT cell name: student_top_inst/u_dram_b1/U0/synth_options.dist_mem_inst/gen_sp_ram.spram_inst/ram_reg_11776_12031_0_0_i_2
WARNING: [Opt 31-155] Driverless net student_top_inst/u_dram_b2/U0/synth_options.dist_mem_inst/gen_sp_ram.spram_inst/a[8] is driving LUT input pin I0 which is used by the LUT equation. If the LUT is not removed or a driver added, this warning will become an error. LUT cell name: student_top_inst/u_dram_b2/U0/synth_options.dist_mem_inst/gen_sp_ram.spram_inst/ram_reg_11776_12031_0_0_i_2
WARNING: [Opt 31-155] Driverless net student_top_inst/u_dram_b3/U0/synth_options.dist_mem_inst/gen_sp_ram.spram_inst/a[8] is driving LUT input pin I0 which is used by the LUT equation. If the LUT is not removed or a driver added, this warning will become an error. LUT cell name: student_top_inst/u_dram_b3/U0/synth_options.dist_mem_inst/gen_sp_ram.spram_inst/ram_reg_11776_12031_0_0_i_2
WARNING: [Opt 31-155] Driverless net student_top_inst/u_dram_b0/U0/synth_options.dist_mem_inst/gen_sp_ram.spram_inst/a[13] is driving LUT input pin I0 which is used by the LUT equation. If the LUT is not removed or a driver added, this warning will become an error. LUT cell name: student_top_inst/u_dram_b0/U0/synth_options.dist_mem_inst/gen_sp_ram.spram_inst/ram_reg_12544_12799_0_0_i_2
WARNING: [Opt 31-155] Driverless net student_top_inst/u_dram_b0/U0/synth_options.dist_mem_inst/gen_sp_ram.spram_inst/a[12] is driving LUT input pin I1 which is used by the LUT equation. If the LUT is not removed or a driver added, this warning will become an error. LUT cell name: student_top_inst/u_dram_b0/U0/synth_options.dist_mem_inst/gen_sp_ram.spram_inst/ram_reg_12544_12799_0_0_i_2
WARNING: [Opt 31-155] Driverless net student_top_inst/u_dram_b1/U0/synth_options.dist_mem_inst/gen_sp_ram.spram_inst/a[13] is driving LUT input pin I0 which is used by the LUT equation. If the LUT is not removed or a driver added, this warning will become an error. LUT cell name: student_top_inst/u_dram_b1/U0/synth_options.dist_mem_inst/gen_sp_ram.spram_inst/ram_reg_12544_12799_0_0_i_2
WARNING: [Opt 31-155] Driverless net student_top_inst/u_dram_b1/U0/synth_options.dist_mem_inst/gen_sp_ram.spram_inst/a[12] is driving LUT input pin I1 which is used by the LUT equation. If the LUT is not removed or a driver added, this warning will become an error. LUT cell name: student_top_inst/u_dram_b1/U0/synth_options.dist_mem_inst/gen_sp_ram.spram_inst/ram_reg_12544_12799_0_0_i_2
WARNING: [Opt 31-155] Driverless net student_top_inst/u_dram_b2/U0/synth_options.dist_mem_inst/gen_sp_ram.spram_inst/a[13] is driving LUT input pin I0 which is used by the LUT equation. If the LUT is not removed or a driver added, this warning will become an error. LUT cell name: student_top_inst/u_dram_b2/U0/synth_options.dist_mem_inst/gen_sp_ram.spram_inst/ram_reg_12544_12799_0_0_i_2
WARNING: [Opt 31-155] Driverless net student_top_inst/u_dram_b2/U0/synth_options.dist_mem_inst/gen_sp_ram.spram_inst/a[12] is driving LUT input pin I1 which is used by the LUT equation. If the LUT is not removed or a driver added, this warning will become an error. LUT cell name: student_top_inst/u_dram_b2/U0/synth_options.dist_mem_inst/gen_sp_ram.spram_inst/ram_reg_12544_12799_0_0_i_2
WARNING: [Opt 31-155] Driverless net student_top_inst/u_dram_b3/U0/synth_options.dist_mem_inst/gen_sp_ram.spram_inst/a[13] is driving LUT input pin I0 which is used by the LUT equation. If the LUT is not removed or a driver added, this warning will become an error. LUT cell name: student_top_inst/u_dram_b3/U0/synth_options.dist_mem_inst/gen_sp_ram.spram_inst/ram_reg_12544_12799_0_0_i_2
WARNING: [Opt 31-155] Driverless net student_top_inst/u_dram_b3/U0/synth_options.dist_mem_inst/gen_sp_ram.spram_inst/a[12] is driving LUT input pin I1 which is used by the LUT equation. If the LUT is not removed or a driver added, this warning will become an error. LUT cell name: student_top_inst/u_dram_b3/U0/synth_options.dist_mem_inst/gen_sp_ram.spram_inst/ram_reg_12544_12799_0_0_i_2
WARNING: [Opt 31-155] Driverless net student_top_inst/u_dram_b0/U0/synth_options.dist_mem_inst/gen_sp_ram.spram_inst/a[10] is driving LUT input pin I0 which is used by the LUT equation. If the LUT is not removed or a driver added, this warning will become an error. LUT cell name: student_top_inst/u_dram_b0/U0/synth_options.dist_mem_inst/gen_sp_ram.spram_inst/ram_reg_1280_1535_0_0_i_2
WARNING: [Opt 31-155] Driverless net student_top_inst/u_dram_b0/U0/synth_options.dist_mem_inst/gen_sp_ram.spram_inst/a[8] is driving LUT input pin I1 which is used by the LUT equation. If the LUT is not removed or a driver added, this warning will become an error. LUT cell name: student_top_inst/u_dram_b0/U0/synth_options.dist_mem_inst/gen_sp_ram.spram_inst/ram_reg_1280_1535_0_0_i_2
WARNING: [Opt 31-155] Driverless net student_top_inst/u_dram_b1/U0/synth_options.dist_mem_inst/gen_sp_ram.spram_inst/a[10] is driving LUT input pin I0 which is used by the LUT equation. If the LUT is not removed or a driver added, this warning will become an error. LUT cell name: student_top_inst/u_dram_b1/U0/synth_options.dist_mem_inst/gen_sp_ram.spram_inst/ram_reg_1280_1535_0_0_i_2
WARNING: [Opt 31-155] Driverless net student_top_inst/u_dram_b1/U0/synth_options.dist_mem_inst/gen_sp_ram.spram_inst/a[8] is driving LUT input pin I1 which is used by the LUT equation. If the LUT is not removed or a driver added, this warning will become an error. LUT cell name: student_top_inst/u_dram_b1/U0/synth_options.dist_mem_inst/gen_sp_ram.spram_inst/ram_reg_1280_1535_0_0_i_2
WARNING: [Opt 31-155] Driverless net student_top_inst/u_dram_b2/U0/synth_options.dist_mem_inst/gen_sp_ram.spram_inst/a[10] is driving LUT input pin I0 which is used by the LUT equation. If the LUT is not removed or a driver added, this warning will become an error. LUT cell name: student_top_inst/u_dram_b2/U0/synth_options.dist_mem_inst/gen_sp_ram.spram_inst/ram_reg_1280_1535_0_0_i_2
WARNING: [Opt 31-155] Driverless net student_top_inst/u_dram_b2/U0/synth_options.dist_mem_inst/gen_sp_ram.spram_inst/a[8] is driving LUT input pin I1 which is used by the LUT equation. If the LUT is not removed or a driver added, this warning will become an error. LUT cell name: student_top_inst/u_dram_b2/U0/synth_options.dist_mem_inst/gen_sp_ram.spram_inst/ram_reg_1280_1535_0_0_i_2
WARNING: [Opt 31-155] Driverless net student_top_inst/u_dram_b3/U0/synth_options.dist_mem_inst/gen_sp_ram.spram_inst/a[10] is driving LUT input pin I0 which is used by the LUT equation. If the LUT is not removed or a driver added, this warning will become an error. LUT cell name: student_top_inst/u_dram_b3/U0/synth_options.dist_mem_inst/gen_sp_ram.spram_inst/ram_reg_1280_1535_0_0_i_2
WARNING: [Opt 31-155] Driverless net student_top_inst/u_dram_b3/U0/synth_options.dist_mem_inst/gen_sp_ram.spram_inst/a[8] is driving LUT input pin I1 which is used by the LUT equation. If the LUT is not removed or a driver added, this warning will become an error. LUT cell name: student_top_inst/u_dram_b3/U0/synth_options.dist_mem_inst/gen_sp_ram.spram_inst/ram_reg_1280_1535_0_0_i_2
WARNING: [Opt 31-155] Driverless net student_top_inst/u_dram_b0/U0/synth_options.dist_mem_inst/gen_sp_ram.spram_inst/a[11] is driving LUT input pin I1 which is used by the LUT equation. If the LUT is not removed or a driver added, this warning will become an error. LUT cell name: student_top_inst/u_dram_b0/U0/synth_options.dist_mem_inst/gen_sp_ram.spram_inst/ram_reg_13312_13567_0_0_i_2
WARNING: [Opt 31-155] Driverless net student_top_inst/u_dram_b1/U0/synth_options.dist_mem_inst/gen_sp_ram.spram_inst/a[11] is driving LUT input pin I1 which is used by the LUT equation. If the LUT is not removed or a driver added, this warning will become an error. LUT cell name: student_top_inst/u_dram_b1/U0/synth_options.dist_mem_inst/gen_sp_ram.spram_inst/ram_reg_13312_13567_0_0_i_2
WARNING: [Opt 31-155] Driverless net student_top_inst/u_dram_b2/U0/synth_options.dist_mem_inst/gen_sp_ram.spram_inst/a[11] is driving LUT input pin I1 which is used by the LUT equation. If the LUT is not removed or a driver added, this warning will become an error. LUT cell name: student_top_inst/u_dram_b2/U0/synth_options.dist_mem_inst/gen_sp_ram.spram_inst/ram_reg_13312_13567_0_0_i_2
WARNING: [Opt 31-155] Driverless net student_top_inst/u_dram_b3/U0/synth_options.dist_mem_inst/gen_sp_ram.spram_inst/a[11] is driving LUT input pin I1 which is used by the LUT equation. If the LUT is not removed or a driver added, this warning will become an error. LUT cell name: student_top_inst/u_dram_b3/U0/synth_options.dist_mem_inst/gen_sp_ram.spram_inst/ram_reg_13312_13567_0_0_i_2
WARNING: [Opt 31-155] Driverless net student_top_inst/u_dram_b0/U0/synth_options.dist_mem_inst/gen_sp_ram.spram_inst/a[10] is driving LUT input pin I1 which is used by the LUT equation. If the LUT is not removed or a driver added, this warning will become an error. LUT cell name: student_top_inst/u_dram_b0/U0/synth_options.dist_mem_inst/gen_sp_ram.spram_inst/ram_reg_14336_14591_0_0_i_2
WARNING: [Opt 31-155] Driverless net student_top_inst/u_dram_b1/U0/synth_options.dist_mem_inst/gen_sp_ram.spram_inst/a[10] is driving LUT input pin I1 which is used by the LUT equation. If the LUT is not removed or a driver added, this warning will become an error. LUT cell name: student_top_inst/u_dram_b1/U0/synth_options.dist_mem_inst/gen_sp_ram.spram_inst/ram_reg_14336_14591_0_0_i_2
WARNING: [Opt 31-155] Driverless net student_top_inst/u_dram_b2/U0/synth_options.dist_mem_inst/gen_sp_ram.spram_inst/a[10] is driving LUT input pin I1 which is used by the LUT equation. If the LUT is not removed or a driver added, this warning will become an error. LUT cell name: student_top_inst/u_dram_b2/U0/synth_options.dist_mem_inst/gen_sp_ram.spram_inst/ram_reg_14336_14591_0_0_i_2
WARNING: [Opt 31-155] Driverless net student_top_inst/u_dram_b3/U0/synth_options.dist_mem_inst/gen_sp_ram.spram_inst/a[10] is driving LUT input pin I1 which is used by the LUT equation. If the LUT is not removed or a driver added, this warning will become an error. LUT cell name: student_top_inst/u_dram_b3/U0/synth_options.dist_mem_inst/gen_sp_ram.spram_inst/ram_reg_14336_14591_0_0_i_2
WARNING: [Opt 31-155] Driverless net student_top_inst/u_dram_b0/U0/synth_options.dist_mem_inst/gen_sp_ram.spram_inst/a[10] is driving LUT input pin I0 which is used by the LUT equation. If the LUT is not removed or a driver added, this warning will become an error. LUT cell name: student_top_inst/u_dram_b0/U0/synth_options.dist_mem_inst/gen_sp_ram.spram_inst/ram_reg_1536_1791_0_0_i_2
WARNING: [Opt 31-155] Driverless net student_top_inst/u_dram_b0/U0/synth_options.dist_mem_inst/gen_sp_ram.spram_inst/a[9] is driving LUT input pin I1 which is used by the LUT equation. If the LUT is not removed or a driver added, this warning will become an error. LUT cell name: student_top_inst/u_dram_b0/U0/synth_options.dist_mem_inst/gen_sp_ram.spram_inst/ram_reg_1536_1791_0_0_i_2
WARNING: [Opt 31-155] Driverless net student_top_inst/u_dram_b1/U0/synth_options.dist_mem_inst/gen_sp_ram.spram_inst/a[10] is driving LUT input pin I0 which is used by the LUT equation. If the LUT is not removed or a driver added, this warning will become an error. LUT cell name: student_top_inst/u_dram_b1/U0/synth_options.dist_mem_inst/gen_sp_ram.spram_inst/ram_reg_1536_1791_0_0_i_2
WARNING: [Opt 31-155] Driverless net student_top_inst/u_dram_b1/U0/synth_options.dist_mem_inst/gen_sp_ram.spram_inst/a[9] is driving LUT input pin I1 which is used by the LUT equation. If the LUT is not removed or a driver added, this warning will become an error. LUT cell name: student_top_inst/u_dram_b1/U0/synth_options.dist_mem_inst/gen_sp_ram.spram_inst/ram_reg_1536_1791_0_0_i_2
WARNING: [Opt 31-155] Driverless net student_top_inst/u_dram_b2/U0/synth_options.dist_mem_inst/gen_sp_ram.spram_inst/a[10] is driving LUT input pin I0 which is used by the LUT equation. If the LUT is not removed or a driver added, this warning will become an error. LUT cell name: student_top_inst/u_dram_b2/U0/synth_options.dist_mem_inst/gen_sp_ram.spram_inst/ram_reg_1536_1791_0_0_i_2
WARNING: [Opt 31-155] Driverless net student_top_inst/u_dram_b2/U0/synth_options.dist_mem_inst/gen_sp_ram.spram_inst/a[9] is driving LUT input pin I1 which is used by the LUT equation. If the LUT is not removed or a driver added, this warning will become an error. LUT cell name: student_top_inst/u_dram_b2/U0/synth_options.dist_mem_inst/gen_sp_ram.spram_inst/ram_reg_1536_1791_0_0_i_2
WARNING: [Opt 31-155] Driverless net student_top_inst/u_dram_b3/U0/synth_options.dist_mem_inst/gen_sp_ram.spram_inst/a[10] is driving LUT input pin I0 which is used by the LUT equation. If the LUT is not removed or a driver added, this warning will become an error. LUT cell name: student_top_inst/u_dram_b3/U0/synth_options.dist_mem_inst/gen_sp_ram.spram_inst/ram_reg_1536_1791_0_0_i_2
WARNING: [Opt 31-155] Driverless net student_top_inst/u_dram_b3/U0/synth_options.dist_mem_inst/gen_sp_ram.spram_inst/a[9] is driving LUT input pin I1 which is used by the LUT equation. If the LUT is not removed or a driver added, this warning will become an error. LUT cell name: student_top_inst/u_dram_b3/U0/synth_options.dist_mem_inst/gen_sp_ram.spram_inst/ram_reg_1536_1791_0_0_i_2
WARNING: [Opt 31-155] Driverless net student_top_inst/u_dram_b0/U0/synth_options.dist_mem_inst/gen_sp_ram.spram_inst/a[13] is driving LUT input pin I1 which is used by the LUT equation. If the LUT is not removed or a driver added, this warning will become an error. LUT cell name: student_top_inst/u_dram_b0/U0/synth_options.dist_mem_inst/gen_sp_ram.spram_inst/ram_reg_1792_2047_0_0_i_2
WARNING: [Opt 31-155] Driverless net student_top_inst/u_dram_b1/U0/synth_options.dist_mem_inst/gen_sp_ram.spram_inst/a[13] is driving LUT input pin I1 which is used by the LUT equation. If the LUT is not removed or a driver added, this warning will become an error. LUT cell name: student_top_inst/u_dram_b1/U0/synth_options.dist_mem_inst/gen_sp_ram.spram_inst/ram_reg_1792_2047_0_0_i_2
WARNING: [Opt 31-155] Driverless net student_top_inst/u_dram_b2/U0/synth_options.dist_mem_inst/gen_sp_ram.spram_inst/a[13] is driving LUT input pin I1 which is used by the LUT equation. If the LUT is not removed or a driver added, this warning will become an error. LUT cell name: student_top_inst/u_dram_b2/U0/synth_options.dist_mem_inst/gen_sp_ram.spram_inst/ram_reg_1792_2047_0_0_i_2
WARNING: [Opt 31-155] Driverless net student_top_inst/u_dram_b3/U0/synth_options.dist_mem_inst/gen_sp_ram.spram_inst/a[13] is driving LUT input pin I1 which is used by the LUT equation. If the LUT is not removed or a driver added, this warning will become an error. LUT cell name: student_top_inst/u_dram_b3/U0/synth_options.dist_mem_inst/gen_sp_ram.spram_inst/ram_reg_1792_2047_0_0_i_2
WARNING: [Opt 31-155] Driverless net student_top_inst/u_dram_b0/U0/synth_options.dist_mem_inst/gen_sp_ram.spram_inst/a[8] is driving LUT input pin I1 which is used by the LUT equation. If the LUT is not removed or a driver added, this warning will become an error. LUT cell name: student_top_inst/u_dram_b0/U0/synth_options.dist_mem_inst/gen_sp_ram.spram_inst/ram_reg_1792_2047_0_0_i_3
WARNING: [Opt 31-155] Driverless net student_top_inst/u_dram_b1/U0/synth_options.dist_mem_inst/gen_sp_ram.spram_inst/a[8] is driving LUT input pin I1 which is used by the LUT equation. If the LUT is not removed or a driver added, this warning will become an error. LUT cell name: student_top_inst/u_dram_b1/U0/synth_options.dist_mem_inst/gen_sp_ram.spram_inst/ram_reg_1792_2047_0_0_i_3
WARNING: [Opt 31-155] Driverless net student_top_inst/u_dram_b2/U0/synth_options.dist_mem_inst/gen_sp_ram.spram_inst/a[8] is driving LUT input pin I1 which is used by the LUT equation. If the LUT is not removed or a driver added, this warning will become an error. LUT cell name: student_top_inst/u_dram_b2/U0/synth_options.dist_mem_inst/gen_sp_ram.spram_inst/ram_reg_1792_2047_0_0_i_3
WARNING: [Opt 31-155] Driverless net student_top_inst/u_dram_b3/U0/synth_options.dist_mem_inst/gen_sp_ram.spram_inst/a[8] is driving LUT input pin I1 which is used by the LUT equation. If the LUT is not removed or a driver added, this warning will become an error. LUT cell name: student_top_inst/u_dram_b3/U0/synth_options.dist_mem_inst/gen_sp_ram.spram_inst/ram_reg_1792_2047_0_0_i_3
WARNING: [Opt 31-155] Driverless net student_top_inst/u_dram_b0/U0/synth_options.dist_mem_inst/gen_sp_ram.spram_inst/a[11] is driving LUT input pin I0 which is used by the LUT equation. If the LUT is not removed or a driver added, this warning will become an error. LUT cell name: student_top_inst/u_dram_b0/U0/synth_options.dist_mem_inst/gen_sp_ram.spram_inst/ram_reg_18176_18431_0_0_i_2
WARNING: [Opt 31-155] Driverless net student_top_inst/u_dram_b1/U0/synth_options.dist_mem_inst/gen_sp_ram.spram_inst/a[11] is driving LUT input pin I0 which is used by the LUT equation. If the LUT is not removed or a driver added, this warning will become an error. LUT cell name: student_top_inst/u_dram_b1/U0/synth_options.dist_mem_inst/gen_sp_ram.spram_inst/ram_reg_18176_18431_0_0_i_2
WARNING: [Opt 31-155] Driverless net student_top_inst/u_dram_b2/U0/synth_options.dist_mem_inst/gen_sp_ram.spram_inst/a[11] is driving LUT input pin I0 which is used by the LUT equation. If the LUT is not removed or a driver added, this warning will become an error. LUT cell name: student_top_inst/u_dram_b2/U0/synth_options.dist_mem_inst/gen_sp_ram.spram_inst/ram_reg_18176_18431_0_0_i_2
WARNING: [Opt 31-155] Driverless net student_top_inst/u_dram_b3/U0/synth_options.dist_mem_inst/gen_sp_ram.spram_inst/a[11] is driving LUT input pin I0 which is used by the LUT equation. If the LUT is not removed or a driver added, this warning will become an error. LUT cell name: student_top_inst/u_dram_b3/U0/synth_options.dist_mem_inst/gen_sp_ram.spram_inst/ram_reg_18176_18431_0_0_i_2
WARNING: [Opt 31-155] Driverless net student_top_inst/u_dram_b0/U0/synth_options.dist_mem_inst/gen_sp_ram.spram_inst/a[10] is driving LUT input pin I1 which is used by the LUT equation. If the LUT is not removed or a driver added, this warning will become an error. LUT cell name: student_top_inst/u_dram_b0/U0/synth_options.dist_mem_inst/gen_sp_ram.spram_inst/ram_reg_19456_19711_0_0_i_2
WARNING: [Opt 31-155] Driverless net student_top_inst/u_dram_b1/U0/synth_options.dist_mem_inst/gen_sp_ram.spram_inst/a[10] is driving LUT input pin I1 which is used by the LUT equation. If the LUT is not removed or a driver added, this warning will become an error. LUT cell name: student_top_inst/u_dram_b1/U0/synth_options.dist_mem_inst/gen_sp_ram.spram_inst/ram_reg_19456_19711_0_0_i_2
WARNING: [Opt 31-155] Driverless net student_top_inst/u_dram_b2/U0/synth_options.dist_mem_inst/gen_sp_ram.spram_inst/a[10] is driving LUT input pin I1 which is used by the LUT equation. If the LUT is not removed or a driver added, this warning will become an error. LUT cell name: student_top_inst/u_dram_b2/U0/synth_options.dist_mem_inst/gen_sp_ram.spram_inst/ram_reg_19456_19711_0_0_i_2
WARNING: [Opt 31-155] Driverless net student_top_inst/u_dram_b3/U0/synth_options.dist_mem_inst/gen_sp_ram.spram_inst/a[10] is driving LUT input pin I1 which is used by the LUT equation. If the LUT is not removed or a driver added, this warning will become an error. LUT cell name: student_top_inst/u_dram_b3/U0/synth_options.dist_mem_inst/gen_sp_ram.spram_inst/ram_reg_19456_19711_0_0_i_2
WARNING: [Opt 31-155] Driverless net student_top_inst/u_dram_b0/U0/synth_options.dist_mem_inst/gen_sp_ram.spram_inst/a[12] is driving LUT input pin I1 which is used by the LUT equation. If the LUT is not removed or a driver added, this warning will become an error. LUT cell name: student_top_inst/u_dram_b0/U0/synth_options.dist_mem_inst/gen_sp_ram.spram_inst/ram_reg_20736_20991_0_0_i_2
WARNING: [Opt 31-155] Driverless net student_top_inst/u_dram_b1/U0/synth_options.dist_mem_inst/gen_sp_ram.spram_inst/a[12] is driving LUT input pin I1 which is used by the LUT equation. If the LUT is not removed or a driver added, this warning will become an error. LUT cell name: student_top_inst/u_dram_b1/U0/synth_options.dist_mem_inst/gen_sp_ram.spram_inst/ram_reg_20736_20991_0_0_i_2
WARNING: [Opt 31-155] Driverless net student_top_inst/u_dram_b2/U0/synth_options.dist_mem_inst/gen_sp_ram.spram_inst/a[12] is driving LUT input pin I1 which is used by the LUT equation. If the LUT is not removed or a driver added, this warning will become an error. LUT cell name: student_top_inst/u_dram_b2/U0/synth_options.dist_mem_inst/gen_sp_ram.spram_inst/ram_reg_20736_20991_0_0_i_2
WARNING: [Opt 31-155] Driverless net student_top_inst/u_dram_b3/U0/synth_options.dist_mem_inst/gen_sp_ram.spram_inst/a[12] is driving LUT input pin I1 which is used by the LUT equation. If the LUT is not removed or a driver added, this warning will become an error. LUT cell name: student_top_inst/u_dram_b3/U0/synth_options.dist_mem_inst/gen_sp_ram.spram_inst/ram_reg_20736_20991_0_0_i_2
WARNING: [Opt 31-155] Driverless net student_top_inst/u_dram_b0/U0/synth_options.dist_mem_inst/gen_sp_ram.spram_inst/a[11] is driving LUT input pin I0 which is used by the LUT equation. If the LUT is not removed or a driver added, this warning will become an error. LUT cell name: student_top_inst/u_dram_b0/U0/synth_options.dist_mem_inst/gen_sp_ram.spram_inst/ram_reg_22784_23039_0_0_i_2
WARNING: [Opt 31-155] Driverless net student_top_inst/u_dram_b0/U0/synth_options.dist_mem_inst/gen_sp_ram.spram_inst/a[8] is driving LUT input pin I1 which is used by the LUT equation. If the LUT is not removed or a driver added, this warning will become an error. LUT cell name: student_top_inst/u_dram_b0/U0/synth_options.dist_mem_inst/gen_sp_ram.spram_inst/ram_reg_22784_23039_0_0_i_2
WARNING: [Opt 31-155] Driverless net student_top_inst/u_dram_b1/U0/synth_options.dist_mem_inst/gen_sp_ram.spram_inst/a[11] is driving LUT input pin I0 which is used by the LUT equation. If the LUT is not removed or a driver added, this warning will become an error. LUT cell name: student_top_inst/u_dram_b1/U0/synth_options.dist_mem_inst/gen_sp_ram.spram_inst/ram_reg_22784_23039_0_0_i_2
WARNING: [Opt 31-155] Driverless net student_top_inst/u_dram_b1/U0/synth_options.dist_mem_inst/gen_sp_ram.spram_inst/a[8] is driving LUT input pin I1 which is used by the LUT equation. If the LUT is not removed or a driver added, this warning will become an error. LUT cell name: student_top_inst/u_dram_b1/U0/synth_options.dist_mem_inst/gen_sp_ram.spram_inst/ram_reg_22784_23039_0_0_i_2
WARNING: [Opt 31-155] Driverless net student_top_inst/u_dram_b2/U0/synth_options.dist_mem_inst/gen_sp_ram.spram_inst/a[11] is driving LUT input pin I0 which is used by the LUT equation. If the LUT is not removed or a driver added, this warning will become an error. LUT cell name: student_top_inst/u_dram_b2/U0/synth_options.dist_mem_inst/gen_sp_ram.spram_inst/ram_reg_22784_23039_0_0_i_2
WARNING: [Opt 31-155] Driverless net student_top_inst/u_dram_b2/U0/synth_options.dist_mem_inst/gen_sp_ram.spram_inst/a[8] is driving LUT input pin I1 which is used by the LUT equation. If the LUT is not removed or a driver added, this warning will become an error. LUT cell name: student_top_inst/u_dram_b2/U0/synth_options.dist_mem_inst/gen_sp_ram.spram_inst/ram_reg_22784_23039_0_0_i_2
WARNING: [Opt 31-155] Driverless net student_top_inst/u_dram_b3/U0/synth_options.dist_mem_inst/gen_sp_ram.spram_inst/a[11] is driving LUT input pin I0 which is used by the LUT equation. If the LUT is not removed or a driver added, this warning will become an error. LUT cell name: student_top_inst/u_dram_b3/U0/synth_options.dist_mem_inst/gen_sp_ram.spram_inst/ram_reg_22784_23039_0_0_i_2
WARNING: [Opt 31-155] Driverless net student_top_inst/u_dram_b3/U0/synth_options.dist_mem_inst/gen_sp_ram.spram_inst/a[8] is driving LUT input pin I1 which is used by the LUT equation. If the LUT is not removed or a driver added, this warning will become an error. LUT cell name: student_top_inst/u_dram_b3/U0/synth_options.dist_mem_inst/gen_sp_ram.spram_inst/ram_reg_22784_23039_0_0_i_2
WARNING: [Opt 31-155] Driverless net student_top_inst/u_dram_b0/U0/synth_options.dist_mem_inst/gen_sp_ram.spram_inst/a[10] is driving LUT input pin I0 which is used by the LUT equation. If the LUT is not removed or a driver added, this warning will become an error. LUT cell name: student_top_inst/u_dram_b0/U0/synth_options.dist_mem_inst/gen_sp_ram.spram_inst/ram_reg_2304_2559_0_0_i_2
WARNING: [Opt 31-155] Driverless net student_top_inst/u_dram_b0/U0/synth_options.dist_mem_inst/gen_sp_ram.spram_inst/a[9] is driving LUT input pin I1 which is used by the LUT equation. If the LUT is not removed or a driver added, this warning will become an error. LUT cell name: student_top_inst/u_dram_b0/U0/synth_options.dist_mem_inst/gen_sp_ram.spram_inst/ram_reg_2304_2559_0_0_i_2
WARNING: [Opt 31-155] Driverless net student_top_inst/u_dram_b1/U0/synth_options.dist_mem_inst/gen_sp_ram.spram_inst/a[10] is driving LUT input pin I0 which is used by the LUT equation. If the LUT is not removed or a driver added, this warning will become an error. LUT cell name: student_top_inst/u_dram_b1/U0/synth_options.dist_mem_inst/gen_sp_ram.spram_inst/ram_reg_2304_2559_0_0_i_2
WARNING: [Opt 31-155] Driverless net student_top_inst/u_dram_b1/U0/synth_options.dist_mem_inst/gen_sp_ram.spram_inst/a[9] is driving LUT input pin I1 which is used by the LUT equation. If the LUT is not removed or a driver added, this warning will become an error. LUT cell name: student_top_inst/u_dram_b1/U0/synth_options.dist_mem_inst/gen_sp_ram.spram_inst/ram_reg_2304_2559_0_0_i_2
WARNING: [Opt 31-155] Driverless net student_top_inst/u_dram_b2/U0/synth_options.dist_mem_inst/gen_sp_ram.spram_inst/a[10] is driving LUT input pin I0 which is used by the LUT equation. If the LUT is not removed or a driver added, this warning will become an error. LUT cell name: student_top_inst/u_dram_b2/U0/synth_options.dist_mem_inst/gen_sp_ram.spram_inst/ram_reg_2304_2559_0_0_i_2
WARNING: [Opt 31-155] Driverless net student_top_inst/u_dram_b2/U0/synth_options.dist_mem_inst/gen_sp_ram.spram_inst/a[9] is driving LUT input pin I1 which is used by the LUT equation. If the LUT is not removed or a driver added, this warning will become an error. LUT cell name: student_top_inst/u_dram_b2/U0/synth_options.dist_mem_inst/gen_sp_ram.spram_inst/ram_reg_2304_2559_0_0_i_2
WARNING: [Opt 31-155] Driverless net student_top_inst/u_dram_b3/U0/synth_options.dist_mem_inst/gen_sp_ram.spram_inst/a[10] is driving LUT input pin I0 which is used by the LUT equation. If the LUT is not removed or a driver added, this warning will become an error. LUT cell name: student_top_inst/u_dram_b3/U0/synth_options.dist_mem_inst/gen_sp_ram.spram_inst/ram_reg_2304_2559_0_0_i_2
WARNING: [Opt 31-155] Driverless net student_top_inst/u_dram_b3/U0/synth_options.dist_mem_inst/gen_sp_ram.spram_inst/a[9] is driving LUT input pin I1 which is used by the LUT equation. If the LUT is not removed or a driver added, this warning will become an error. LUT cell name: student_top_inst/u_dram_b3/U0/synth_options.dist_mem_inst/gen_sp_ram.spram_inst/ram_reg_2304_2559_0_0_i_2
WARNING: [Opt 31-155] Driverless net student_top_inst/u_dram_b0/U0/synth_options.dist_mem_inst/gen_sp_ram.spram_inst/a[13] is driving LUT input pin I1 which is used by the LUT equation. If the LUT is not removed or a driver added, this warning will become an error. LUT cell name: student_top_inst/u_dram_b0/U0/synth_options.dist_mem_inst/gen_sp_ram.spram_inst/ram_reg_25344_25599_0_0_i_2
WARNING: [Opt 31-155] Driverless net student_top_inst/u_dram_b1/U0/synth_options.dist_mem_inst/gen_sp_ram.spram_inst/a[13] is driving LUT input pin I1 which is used by the LUT equation. If the LUT is not removed or a driver added, this warning will become an error. LUT cell name: student_top_inst/u_dram_b1/U0/synth_options.dist_mem_inst/gen_sp_ram.spram_inst/ram_reg_25344_25599_0_0_i_2
WARNING: [Opt 31-155] Driverless net student_top_inst/u_dram_b2/U0/synth_options.dist_mem_inst/gen_sp_ram.spram_inst/a[13] is driving LUT input pin I1 which is used by the LUT equation. If the LUT is not removed or a driver added, this warning will become an error. LUT cell name: student_top_inst/u_dram_b2/U0/synth_options.dist_mem_inst/gen_sp_ram.spram_inst/ram_reg_25344_25599_0_0_i_2
WARNING: [Opt 31-155] Driverless net student_top_inst/u_dram_b3/U0/synth_options.dist_mem_inst/gen_sp_ram.spram_inst/a[13] is driving LUT input pin I1 which is used by the LUT equation. If the LUT is not removed or a driver added, this warning will become an error. LUT cell name: student_top_inst/u_dram_b3/U0/synth_options.dist_mem_inst/gen_sp_ram.spram_inst/ram_reg_25344_25599_0_0_i_2
WARNING: [Opt 31-155] Driverless net student_top_inst/u_dram_b0/U0/synth_options.dist_mem_inst/gen_sp_ram.spram_inst/a[10] is driving LUT input pin I0 which is used by the LUT equation. If the LUT is not removed or a driver added, this warning will become an error. LUT cell name: student_top_inst/u_dram_b0/U0/synth_options.dist_mem_inst/gen_sp_ram.spram_inst/ram_reg_2560_2815_0_0_i_2
WARNING: [Opt 31-155] Driverless net student_top_inst/u_dram_b0/U0/synth_options.dist_mem_inst/gen_sp_ram.spram_inst/a[8] is driving LUT input pin I1 which is used by the LUT equation. If the LUT is not removed or a driver added, this warning will become an error. LUT cell name: student_top_inst/u_dram_b0/U0/synth_options.dist_mem_inst/gen_sp_ram.spram_inst/ram_reg_2560_2815_0_0_i_2
WARNING: [Opt 31-155] Driverless net student_top_inst/u_dram_b1/U0/synth_options.dist_mem_inst/gen_sp_ram.spram_inst/a[10] is driving LUT input pin I0 which is used by the LUT equation. If the LUT is not removed or a driver added, this warning will become an error. LUT cell name: student_top_inst/u_dram_b1/U0/synth_options.dist_mem_inst/gen_sp_ram.spram_inst/ram_reg_2560_2815_0_0_i_2
WARNING: [Opt 31-155] Driverless net student_top_inst/u_dram_b1/U0/synth_options.dist_mem_inst/gen_sp_ram.spram_inst/a[8] is driving LUT input pin I1 which is used by the LUT equation. If the LUT is not removed or a driver added, this warning will become an error. LUT cell name: student_top_inst/u_dram_b1/U0/synth_options.dist_mem_inst/gen_sp_ram.spram_inst/ram_reg_2560_2815_0_0_i_2
WARNING: [Opt 31-155] Driverless net student_top_inst/u_dram_b2/U0/synth_options.dist_mem_inst/gen_sp_ram.spram_inst/a[10] is driving LUT input pin I0 which is used by the LUT equation. If the LUT is not removed or a driver added, this warning will become an error. LUT cell name: student_top_inst/u_dram_b2/U0/synth_options.dist_mem_inst/gen_sp_ram.spram_inst/ram_reg_2560_2815_0_0_i_2
WARNING: [Opt 31-155] Driverless net student_top_inst/u_dram_b2/U0/synth_options.dist_mem_inst/gen_sp_ram.spram_inst/a[8] is driving LUT input pin I1 which is used by the LUT equation. If the LUT is not removed or a driver added, this warning will become an error. LUT cell name: student_top_inst/u_dram_b2/U0/synth_options.dist_mem_inst/gen_sp_ram.spram_inst/ram_reg_2560_2815_0_0_i_2
WARNING: [Opt 31-155] Driverless net student_top_inst/u_dram_b3/U0/synth_options.dist_mem_inst/gen_sp_ram.spram_inst/a[10] is driving LUT input pin I0 which is used by the LUT equation. If the LUT is not removed or a driver added, this warning will become an error. LUT cell name: student_top_inst/u_dram_b3/U0/synth_options.dist_mem_inst/gen_sp_ram.spram_inst/ram_reg_2560_2815_0_0_i_2
WARNING: [Opt 31-155] Driverless net student_top_inst/u_dram_b3/U0/synth_options.dist_mem_inst/gen_sp_ram.spram_inst/a[8] is driving LUT input pin I1 which is used by the LUT equation. If the LUT is not removed or a driver added, this warning will become an error. LUT cell name: student_top_inst/u_dram_b3/U0/synth_options.dist_mem_inst/gen_sp_ram.spram_inst/ram_reg_2560_2815_0_0_i_2
INFO: [Common 17-14] Message 'Opt 31-155' appears 100 times and further instances of the messages will be disabled. Use the Tcl command set_msg_config to change the current settings.
INFO: [Opt 31-138] Pushed 0 inverter(s) to 0 load pin(s).
INFO: [Opt 31-49] Retargeted 0 cell(s).
Phase 3 Retarget | Checksum: 1677fcb7a

Time (s): cpu = 00:00:04 ; elapsed = 00:00:03 . Memory (MB): peak = 2337.117 ; gain = 0.000
Retarget | Checksum: 1677fcb7a
INFO: [Opt 31-389] Phase Retarget created 0 cells and removed 0 cells
INFO: [Opt 31-1021] In phase Retarget, 1 netlist objects are constrained preventing optimization. Please run opt_design with -debug_log to get more detail. 

Phase 4 Constant propagation
INFO: [Opt 31-138] Pushed 0 inverter(s) to 0 load pin(s).
Phase 4 Constant propagation | Checksum: 1754d39a0

Time (s): cpu = 00:00:06 ; elapsed = 00:00:05 . Memory (MB): peak = 2337.117 ; gain = 0.000
Constant propagation | Checksum: 1754d39a0
INFO: [Opt 31-389] Phase Constant propagation created 0 cells and removed 1112 cells

Phase 5 Sweep
Phase 5 Sweep | Checksum: 183dcfb22

Time (s): cpu = 00:00:11 ; elapsed = 00:00:11 . Memory (MB): peak = 2337.117 ; gain = 0.000
Sweep | Checksum: 183dcfb22
INFO: [Opt 31-389] Phase Sweep created 0 cells and removed 13722 cells

Phase 6 BUFG optimization
Phase 6 BUFG optimization | Checksum: 183dcfb22

Time (s): cpu = 00:00:11 ; elapsed = 00:00:11 . Memory (MB): peak = 2337.117 ; gain = 0.000
BUFG optimization | Checksum: 183dcfb22
INFO: [Opt 31-662] Phase BUFG optimization created 0 cells of which 0 are BUFGs and removed 0 cells.

Phase 7 Shift Register Optimization
INFO: [Opt 31-1064] SRL Remap converted 0 SRLs to 0 registers and converted 0 registers of register chains to 0 SRLs
Phase 7 Shift Register Optimization | Checksum: 183dcfb22

Time (s): cpu = 00:00:11 ; elapsed = 00:00:11 . Memory (MB): peak = 2337.117 ; gain = 0.000
Shift Register Optimization | Checksum: 183dcfb22
INFO: [Opt 31-389] Phase Shift Register Optimization created 0 cells and removed 0 cells

Phase 8 Post Processing Netlist
Phase 8 Post Processing Netlist | Checksum: 183dcfb22

Time (s): cpu = 00:00:11 ; elapsed = 00:00:11 . Memory (MB): peak = 2337.117 ; gain = 0.000
Post Processing Netlist | Checksum: 183dcfb22
INFO: [Opt 31-389] Phase Post Processing Netlist created 0 cells and removed 0 cells

Phase 9 Finalization

Phase 9.1 Finalizing Design Cores and Updating Shapes
Phase 9.1 Finalizing Design Cores and Updating Shapes | Checksum: 11528aa53

Time (s): cpu = 00:00:11 ; elapsed = 00:00:11 . Memory (MB): peak = 2337.117 ; gain = 0.000

Phase 9.2 Verifying Netlist Connectivity

Starting Connectivity Check Task

Time (s): cpu = 00:00:00 ; elapsed = 00:00:00.013 . Memory (MB): peak = 2337.117 ; gain = 0.000
Phase 9.2 Verifying Netlist Connectivity | Checksum: 11528aa53

Time (s): cpu = 00:00:11 ; elapsed = 00:00:11 . Memory (MB): peak = 2337.117 ; gain = 0.000
Phase 9 Finalization | Checksum: 11528aa53

Time (s): cpu = 00:00:11 ; elapsed = 00:00:11 . Memory (MB): peak = 2337.117 ; gain = 0.000
Opt_design Change Summary
=========================


-------------------------------------------------------------------------------------------------------------------------
|  Phase                        |  #Cells created  |  #Cells Removed  |  #Constrained objects preventing optimizations  |
-------------------------------------------------------------------------------------------------------------------------
|  Retarget                     |               0  |               0  |                                              1  |
|  Constant propagation         |               0  |            1112  |                                              0  |
|  Sweep                        |               0  |           13722  |                                              0  |
|  BUFG optimization            |               0  |               0  |                                              0  |
|  Shift Register Optimization  |               0  |               0  |                                              0  |
|  Post Processing Netlist      |               0  |               0  |                                              0  |
-------------------------------------------------------------------------------------------------------------------------


Ending Logic Optimization Task | Checksum: 11528aa53

Time (s): cpu = 00:00:11 ; elapsed = 00:00:11 . Memory (MB): peak = 2337.117 ; gain = 0.000
INFO: [Constraints 18-11670] Building netlist checker database with flags, 0x8
Done building netlist checker database: Time (s): cpu = 00:00:00 ; elapsed = 00:00:00.001 . Memory (MB): peak = 2337.117 ; gain = 0.000

Starting Power Optimization Task
INFO: [Pwropt 34-132] Skipping clock gating for clocks with a period < 2.00 ns.
Ending Power Optimization Task | Checksum: 11528aa53

Time (s): cpu = 00:00:00 ; elapsed = 00:00:00.028 . Memory (MB): peak = 2337.117 ; gain = 0.000

Starting Final Cleanup Task
Ending Final Cleanup Task | Checksum: 11528aa53

Time (s): cpu = 00:00:00 ; elapsed = 00:00:00.001 . Memory (MB): peak = 2337.117 ; gain = 0.000

Starting Netlist Obfuscation Task
Netlist sorting complete. Time (s): cpu = 00:00:00 ; elapsed = 00:00:00.003 . Memory (MB): peak = 2337.117 ; gain = 0.000
Ending Netlist Obfuscation Task | Checksum: 11528aa53

Time (s): cpu = 00:00:00 ; elapsed = 00:00:00.003 . Memory (MB): peak = 2337.117 ; gain = 0.000
INFO: [Common 17-83] Releasing license: Implementation
32 Infos, 100 Warnings, 0 Critical Warnings and 0 Errors encountered.
opt_design completed successfully
opt_design: Time (s): cpu = 00:00:21 ; elapsed = 00:00:20 . Memory (MB): peak = 2337.117 ; gain = 413.152
INFO: [runtcl-4] Executing : report_drc -file top_drc_opted.rpt -pb top_drc_opted.pb -rpx top_drc_opted.rpx
Command: report_drc -file top_drc_opted.rpt -pb top_drc_opted.pb -rpx top_drc_opted.rpx
INFO: [IP_Flow 19-1839] IP Catalog is up to date.
INFO: [DRC 23-27] Running DRC with 2 threads
INFO: [Vivado_Tcl 2-168] The results of DRC are in file D:/jichuang/fpga/digital_twin/digital_twin.runs/impl_1/top_drc_opted.rpt.
report_drc completed successfully
INFO: [Timing 38-480] Writing timing data to binary archive.
Write ShapeDB Complete: Time (s): cpu = 00:00:00 ; elapsed = 00:00:00.002 . Memory (MB): peak = 2337.117 ; gain = 0.000
Wrote PlaceDB: Time (s): cpu = 00:00:00 ; elapsed = 00:00:00.004 . Memory (MB): peak = 2337.117 ; gain = 0.000
Wrote PulsedLatchDB: Time (s): cpu = 00:00:00 ; elapsed = 00:00:00 . Memory (MB): peak = 2337.117 ; gain = 0.000
Writing XDEF routing.
Writing XDEF routing logical nets.
Writing XDEF routing special nets.
Wrote RouteStorage: Time (s): cpu = 00:00:00 ; elapsed = 00:00:00.021 . Memory (MB): peak = 2337.117 ; gain = 0.000
Wrote Netlist Cache: Time (s): cpu = 00:00:00 ; elapsed = 00:00:00 . Memory (MB): peak = 2337.117 ; gain = 0.000
Wrote Device Cache: Time (s): cpu = 00:00:00 ; elapsed = 00:00:00.006 . Memory (MB): peak = 2337.117 ; gain = 0.000
Write Physdb Complete: Time (s): cpu = 00:00:00 ; elapsed = 00:00:00.041 . Memory (MB): peak = 2337.117 ; gain = 0.000
INFO: [Common 17-1381] The checkpoint 'D:/jichuang/fpga/digital_twin/digital_twin.runs/impl_1/top_opt.dcp' has been generated.
Command: place_design
Attempting to get a license for feature 'Implementation' and/or device 'xc7k325t'
INFO: [Common 17-349] Got license for feature 'Implementation' and/or device 'xc7k325t'
INFO: [Common 17-83] Releasing license: Implementation
INFO: [DRC 23-27] Running DRC with 2 threads
INFO: [Vivado_Tcl 4-198] DRC finished with 0 Errors
INFO: [Vivado_Tcl 4-199] Please refer to the DRC report (report_drc) for more information.
Running DRC as a precondition to command place_design
INFO: [DRC 23-27] Running DRC with 2 threads
INFO: [Vivado_Tcl 4-198] DRC finished with 0 Errors
INFO: [Vivado_Tcl 4-199] Please refer to the DRC report (report_drc) for more information.
INFO: [Place 30-611] Multithreading enabled for place_design using a maximum of 2 CPUs

Starting Placer Task

Phase 1 Placer Initialization

Phase 1.1 Placer Initialization Netlist Sorting
Netlist sorting complete. Time (s): cpu = 00:00:00 ; elapsed = 00:00:00.003 . Memory (MB): peak = 2337.117 ; gain = 0.000
Phase 1.1 Placer Initialization Netlist Sorting | Checksum: 5fef8036

Time (s): cpu = 00:00:00 ; elapsed = 00:00:00.013 . Memory (MB): peak = 2337.117 ; gain = 0.000
Netlist sorting complete. Time (s): cpu = 00:00:00 ; elapsed = 00:00:00.003 . Memory (MB): peak = 2337.117 ; gain = 0.000

Phase 1.2 IO Placement/ Clock Placement/ Build Placer Device
INFO: [Timing 38-35] Done setting XDC timing constraints.
Phase 1.2 IO Placement/ Clock Placement/ Build Placer Device | Checksum: 6a18181c

Time (s): cpu = 00:00:00 ; elapsed = 00:00:00.449 . Memory (MB): peak = 2337.117 ; gain = 0.000

Phase 1.3 Build Placer Netlist Model
Phase 1.3 Build Placer Netlist Model | Checksum: cbbd0578

Time (s): cpu = 00:00:00 ; elapsed = 00:00:00.743 . Memory (MB): peak = 2337.117 ; gain = 0.000

Phase 1.4 Constrain Clocks/Macros
Phase 1.4 Constrain Clocks/Macros | Checksum: cbbd0578

Time (s): cpu = 00:00:00 ; elapsed = 00:00:00.754 . Memory (MB): peak = 2337.117 ; gain = 0.000
Phase 1 Placer Initialization | Checksum: cbbd0578

Time (s): cpu = 00:00:00 ; elapsed = 00:00:00.774 . Memory (MB): peak = 2337.117 ; gain = 0.000

Phase 2 Global Placement

Phase 2.1 Floorplanning
Phase 2.1 Floorplanning | Checksum: 15a4aada7

Time (s): cpu = 00:00:01 ; elapsed = 00:00:00.933 . Memory (MB): peak = 2337.117 ; gain = 0.000

Phase 2.2 Update Timing before SLR Path Opt
Phase 2.2 Update Timing before SLR Path Opt | Checksum: 15c43d120

Time (s): cpu = 00:00:01 ; elapsed = 00:00:01 . Memory (MB): peak = 2337.117 ; gain = 0.000

Phase 2.3 Post-Processing in Floorplanning
Phase 2.3 Post-Processing in Floorplanning | Checksum: 15c43d120

Time (s): cpu = 00:00:01 ; elapsed = 00:00:01 . Memory (MB): peak = 2337.117 ; gain = 0.000

Phase 2.4 Global Placement Core

Phase 2.4.1 UpdateTiming Before Physical Synthesis
Phase 2.4.1 UpdateTiming Before Physical Synthesis | Checksum: f24960cc

Time (s): cpu = 00:00:02 ; elapsed = 00:00:03 . Memory (MB): peak = 2337.117 ; gain = 0.000

Phase 2.4.2 Physical Synthesis In Placer
INFO: [Physopt 32-1035] Found 0 LUTNM shape to break, 9 LUT instances to create LUTNM shape
INFO: [Physopt 32-1044] Break lutnm for timing: one critical 0, two critical 0, total 0, new lutff created 0
INFO: [Physopt 32-1138] End 1 Pass. Optimized 3 nets or LUTs. Breaked 0 LUT, combined 3 existing LUTs and moved 0 existing LUT
INFO: [Physopt 32-65] No nets found for high-fanout optimization.
INFO: [Physopt 32-232] Optimized 0 net. Created 0 new instance.
INFO: [Physopt 32-775] End 1 Pass. Optimized 0 net or cell. Created 0 new cell, deleted 0 existing cell and moved 0 existing cell
INFO: [Physopt 32-670] No setup violation found.  DSP Register Optimization was not performed.
INFO: [Physopt 32-670] No setup violation found.  Shift Register to Pipeline Optimization was not performed.
INFO: [Physopt 32-670] No setup violation found.  Shift Register Optimization was not performed.
INFO: [Physopt 32-670] No setup violation found.  BRAM Register Optimization was not performed.
INFO: [Physopt 32-670] No setup violation found.  URAM Register Optimization was not performed.
INFO: [Physopt 32-949] No candidate nets found for dynamic/static region interface net replication
INFO: [Physopt 32-775] End 1 Pass. Optimized 0 net or cell. Created 0 new cell, deleted 0 existing cell and moved 0 existing cell
Netlist sorting complete. Time (s): cpu = 00:00:00 ; elapsed = 00:00:00.002 . Memory (MB): peak = 2337.117 ; gain = 0.000

Summary of Physical Synthesis Optimizations
============================================


-----------------------------------------------------------------------------------------------------------------------------------------------------------
|  Optimization                                     |  Added Cells  |  Removed Cells  |  Optimized Cells/Nets  |  Dont Touch  |  Iterations  |  Elapsed   |
-----------------------------------------------------------------------------------------------------------------------------------------------------------
|  LUT Combining                                    |            0  |              3  |                     3  |           0  |           1  |  00:00:00  |
|  Retime                                           |            0  |              0  |                     0  |           0  |           1  |  00:00:00  |
|  Very High Fanout                                 |            0  |              0  |                     0  |           0  |           1  |  00:00:00  |
|  DSP Register                                     |            0  |              0  |                     0  |           0  |           0  |  00:00:00  |
|  Shift Register to Pipeline                       |            0  |              0  |                     0  |           0  |           0  |  00:00:00  |
|  Shift Register                                   |            0  |              0  |                     0  |           0  |           0  |  00:00:00  |
|  BRAM Register                                    |            0  |              0  |                     0  |           0  |           0  |  00:00:00  |
|  URAM Register                                    |            0  |              0  |                     0  |           0  |           0  |  00:00:00  |
|  Dynamic/Static Region Interface Net Replication  |            0  |              0  |                     0  |           0  |           1  |  00:00:00  |
|  Total                                            |            0  |              3  |                     3  |           0  |           4  |  00:00:00  |
-----------------------------------------------------------------------------------------------------------------------------------------------------------


Phase 2.4.2 Physical Synthesis In Placer | Checksum: 182654229

Time (s): cpu = 00:00:02 ; elapsed = 00:00:03 . Memory (MB): peak = 2337.117 ; gain = 0.000
Phase 2.4 Global Placement Core | Checksum: 16d253788

Time (s): cpu = 00:00:02 ; elapsed = 00:00:03 . Memory (MB): peak = 2337.117 ; gain = 0.000
Phase 2 Global Placement | Checksum: 16d253788

Time (s): cpu = 00:00:02 ; elapsed = 00:00:03 . Memory (MB): peak = 2337.117 ; gain = 0.000

Phase 3 Detail Placement

Phase 3.1 Commit Multi Column Macros
Phase 3.1 Commit Multi Column Macros | Checksum: 14199b4e9

Time (s): cpu = 00:00:03 ; elapsed = 00:00:03 . Memory (MB): peak = 2337.117 ; gain = 0.000

Phase 3.2 Commit Most Macros & LUTRAMs
Phase 3.2 Commit Most Macros & LUTRAMs | Checksum: 183fdebb4

Time (s): cpu = 00:00:03 ; elapsed = 00:00:03 . Memory (MB): peak = 2337.117 ; gain = 0.000

Phase 3.3 Area Swap Optimization
Phase 3.3 Area Swap Optimization | Checksum: 1877b2c1a

Time (s): cpu = 00:00:03 ; elapsed = 00:00:03 . Memory (MB): peak = 2337.117 ; gain = 0.000

Phase 3.4 Pipeline Register Optimization
Phase 3.4 Pipeline Register Optimization | Checksum: 1780e58be

Time (s): cpu = 00:00:03 ; elapsed = 00:00:03 . Memory (MB): peak = 2337.117 ; gain = 0.000

Phase 3.5 Small Shape Detail Placement
Phase 3.5 Small Shape Detail Placement | Checksum: 18d332341

Time (s): cpu = 00:00:03 ; elapsed = 00:00:04 . Memory (MB): peak = 2337.117 ; gain = 0.000

Phase 3.6 Re-assign LUT pins
Phase 3.6 Re-assign LUT pins | Checksum: 113b1b216

Time (s): cpu = 00:00:03 ; elapsed = 00:00:04 . Memory (MB): peak = 2337.117 ; gain = 0.000

Phase 3.7 Pipeline Register Optimization
Phase 3.7 Pipeline Register Optimization | Checksum: 10520a5fa

Time (s): cpu = 00:00:03 ; elapsed = 00:00:04 . Memory (MB): peak = 2337.117 ; gain = 0.000
Phase 3 Detail Placement | Checksum: 10520a5fa

Time (s): cpu = 00:00:03 ; elapsed = 00:00:04 . Memory (MB): peak = 2337.117 ; gain = 0.000

Phase 4 Post Placement Optimization and Clean-Up

Phase 4.1 Post Commit Optimization
INFO: [Timing 38-35] Done setting XDC timing constraints.

Phase 4.1.1 Post Placement Optimization
Post Placement Optimization Initialization | Checksum: 1909c329f

Phase 4.1.1.1 BUFG Insertion

Starting Physical Synthesis Task

Phase 1 Physical Synthesis Initialization
INFO: [Physopt 32-721] Multithreading enabled for phys_opt_design using a maximum of 2 CPUs
INFO: [Physopt 32-619] Estimated Timing Summary | WNS=17.665 | TNS=0.000 |
Phase 1 Physical Synthesis Initialization | Checksum: 14ae235c8

Time (s): cpu = 00:00:00 ; elapsed = 00:00:00.050 . Memory (MB): peak = 2337.117 ; gain = 0.000
INFO: [Place 46-56] BUFG insertion identified 0 candidate nets. Inserted BUFG: 0, Replicated BUFG Driver: 0, Skipped due to Placement/Routing Conflicts: 0, Skipped due to Timing Degradation: 0, Skipped due to netlist editing failed: 0.
Ending Physical Synthesis Task | Checksum: 14ae235c8

Time (s): cpu = 00:00:00 ; elapsed = 00:00:00.055 . Memory (MB): peak = 2337.117 ; gain = 0.000
Phase 4.1.1.1 BUFG Insertion | Checksum: 1909c329f

Time (s): cpu = 00:00:04 ; elapsed = 00:00:04 . Memory (MB): peak = 2337.117 ; gain = 0.000

Phase 4.1.1.2 Post Placement Timing Optimization
INFO: [Place 30-746] Post Placement Timing Summary WNS=17.665. For the most accurate timing information please run report_timing.
Phase 4.1.1.2 Post Placement Timing Optimization | Checksum: 10224652e

Time (s): cpu = 00:00:04 ; elapsed = 00:00:04 . Memory (MB): peak = 2337.117 ; gain = 0.000

Time (s): cpu = 00:00:04 ; elapsed = 00:00:04 . Memory (MB): peak = 2337.117 ; gain = 0.000
Phase 4.1 Post Commit Optimization | Checksum: 10224652e

Time (s): cpu = 00:00:04 ; elapsed = 00:00:04 . Memory (MB): peak = 2337.117 ; gain = 0.000

Phase 4.2 Post Placement Cleanup
Phase 4.2 Post Placement Cleanup | Checksum: 10224652e

Time (s): cpu = 00:00:04 ; elapsed = 00:00:04 . Memory (MB): peak = 2337.117 ; gain = 0.000

Phase 4.3 Placer Reporting

Phase 4.3.1 Print Estimated Congestion
INFO: [Place 30-612] Post-Placement Estimated Congestion 
 ____________________________________________________
|           | Global Congestion | Short Congestion  |
| Direction | Region Size       | Region Size       |
|___________|___________________|___________________|
|      North|                1x1|                1x1|
|___________|___________________|___________________|
|      South|                1x1|                1x1|
|___________|___________________|___________________|
|       East|                1x1|                1x1|
|___________|___________________|___________________|
|       West|                1x1|                1x1|
|___________|___________________|___________________|

Phase 4.3.1 Print Estimated Congestion | Checksum: 10224652e

Time (s): cpu = 00:00:04 ; elapsed = 00:00:04 . Memory (MB): peak = 2337.117 ; gain = 0.000
Phase 4.3 Placer Reporting | Checksum: 10224652e

Time (s): cpu = 00:00:04 ; elapsed = 00:00:04 . Memory (MB): peak = 2337.117 ; gain = 0.000

Phase 4.4 Final Placement Cleanup
Netlist sorting complete. Time (s): cpu = 00:00:00 ; elapsed = 00:00:00.003 . Memory (MB): peak = 2337.117 ; gain = 0.000

Time (s): cpu = 00:00:04 ; elapsed = 00:00:04 . Memory (MB): peak = 2337.117 ; gain = 0.000
Phase 4 Post Placement Optimization and Clean-Up | Checksum: 13575eb8a

Time (s): cpu = 00:00:04 ; elapsed = 00:00:04 . Memory (MB): peak = 2337.117 ; gain = 0.000
Ending Placer Task | Checksum: c8fa9207

Time (s): cpu = 00:00:04 ; elapsed = 00:00:04 . Memory (MB): peak = 2337.117 ; gain = 0.000
67 Infos, 100 Warnings, 0 Critical Warnings and 0 Errors encountered.
place_design completed successfully
place_design: Time (s): cpu = 00:00:06 ; elapsed = 00:00:06 . Memory (MB): peak = 2337.117 ; gain = 0.000
INFO: [runtcl-4] Executing : report_io -file top_io_placed.rpt
report_io: Time (s): cpu = 00:00:00 ; elapsed = 00:00:00.184 . Memory (MB): peak = 2337.117 ; gain = 0.000
INFO: [runtcl-4] Executing : report_utilization -file top_utilization_placed.rpt -pb top_utilization_placed.pb
INFO: [runtcl-4] Executing : report_control_sets -verbose -file top_control_sets_placed.rpt
report_control_sets: Time (s): cpu = 00:00:00 ; elapsed = 00:00:00.004 . Memory (MB): peak = 2337.117 ; gain = 0.000
INFO: [Timing 38-480] Writing timing data to binary archive.
Write ShapeDB Complete: Time (s): cpu = 00:00:00 ; elapsed = 00:00:00.004 . Memory (MB): peak = 2337.117 ; gain = 0.000
Wrote PlaceDB: Time (s): cpu = 00:00:00 ; elapsed = 00:00:00.039 . Memory (MB): peak = 2337.117 ; gain = 0.000
Wrote PulsedLatchDB: Time (s): cpu = 00:00:00 ; elapsed = 00:00:00 . Memory (MB): peak = 2337.117 ; gain = 0.000
Writing XDEF routing.
Writing XDEF routing logical nets.
Writing XDEF routing special nets.
Wrote RouteStorage: Time (s): cpu = 00:00:00 ; elapsed = 00:00:00.022 . Memory (MB): peak = 2337.117 ; gain = 0.000
Wrote Netlist Cache: Time (s): cpu = 00:00:00 ; elapsed = 00:00:00.001 . Memory (MB): peak = 2337.117 ; gain = 0.000
Wrote Device Cache: Time (s): cpu = 00:00:00 ; elapsed = 00:00:00.007 . Memory (MB): peak = 2337.117 ; gain = 0.000
Write Physdb Complete: Time (s): cpu = 00:00:00 ; elapsed = 00:00:00.076 . Memory (MB): peak = 2337.117 ; gain = 0.000
INFO: [Common 17-1381] The checkpoint 'D:/jichuang/fpga/digital_twin/digital_twin.runs/impl_1/top_placed.dcp' has been generated.
Command: phys_opt_design
Attempting to get a license for feature 'Implementation' and/or device 'xc7k325t'
INFO: [Common 17-349] Got license for feature 'Implementation' and/or device 'xc7k325t'

Starting Initial Update Timing Task

Time (s): cpu = 00:00:00 ; elapsed = 00:00:00.124 . Memory (MB): peak = 2337.117 ; gain = 0.000
INFO: [Vivado_Tcl 4-383] Design worst setup slack (WNS) is greater than or equal to 0.000 ns. Skipping all physical synthesis optimizations.
INFO: [Vivado_Tcl 4-232] No setup violation found. The netlist was not modified.
INFO: [Common 17-83] Releasing license: Implementation
76 Infos, 100 Warnings, 0 Critical Warnings and 0 Errors encountered.
phys_opt_design completed successfully
INFO: [Timing 38-480] Writing timing data to binary archive.
Write ShapeDB Complete: Time (s): cpu = 00:00:00 ; elapsed = 00:00:00.003 . Memory (MB): peak = 2337.117 ; gain = 0.000
Wrote PlaceDB: Time (s): cpu = 00:00:00 ; elapsed = 00:00:00.037 . Memory (MB): peak = 2337.117 ; gain = 0.000
Wrote PulsedLatchDB: Time (s): cpu = 00:00:00 ; elapsed = 00:00:00 . Memory (MB): peak = 2337.117 ; gain = 0.000
Writing XDEF routing.
Writing XDEF routing logical nets.
Writing XDEF routing special nets.
Wrote RouteStorage: Time (s): cpu = 00:00:00 ; elapsed = 00:00:00.028 . Memory (MB): peak = 2337.117 ; gain = 0.000
Wrote Netlist Cache: Time (s): cpu = 00:00:00 ; elapsed = 00:00:00.001 . Memory (MB): peak = 2337.117 ; gain = 0.000
Wrote Device Cache: Time (s): cpu = 00:00:00 ; elapsed = 00:00:00.009 . Memory (MB): peak = 2337.117 ; gain = 0.000
Write Physdb Complete: Time (s): cpu = 00:00:00 ; elapsed = 00:00:00.084 . Memory (MB): peak = 2337.117 ; gain = 0.000
INFO: [Common 17-1381] The checkpoint 'D:/jichuang/fpga/digital_twin/digital_twin.runs/impl_1/top_physopt.dcp' has been generated.
Command: route_design
Attempting to get a license for feature 'Implementation' and/or device 'xc7k325t'
INFO: [Common 17-349] Got license for feature 'Implementation' and/or device 'xc7k325t'
Running DRC as a precondition to command route_design
INFO: [DRC 23-27] Running DRC with 2 threads
INFO: [Vivado_Tcl 4-198] DRC finished with 0 Errors
INFO: [Vivado_Tcl 4-199] Please refer to the DRC report (report_drc) for more information.


Starting Routing Task
INFO: [Route 35-254] Multithreading enabled for route_design using a maximum of 8 CPUs

Phase 1 Build RT Design
Checksum: PlaceDB: 4123e952 ConstDB: 0 ShapeSum: 87d6a8b5 RouteDB: 0
Post Restoration Checksum: NetGraph: 59ab5563 | NumContArr: a11f1582 | Constraints: c2a8fa9d | Timing: c2a8fa9d
Phase 1 Build RT Design | Checksum: 2801c601f

Time (s): cpu = 00:00:43 ; elapsed = 00:00:31 . Memory (MB): peak = 2504.355 ; gain = 167.238

Phase 2 Router Initialization

Phase 2.1 Fix Topology Constraints
Phase 2.1 Fix Topology Constraints | Checksum: 2801c601f

Time (s): cpu = 00:00:43 ; elapsed = 00:00:31 . Memory (MB): peak = 2504.355 ; gain = 167.238

Phase 2.2 Pre Route Cleanup
Phase 2.2 Pre Route Cleanup | Checksum: 2801c601f

Time (s): cpu = 00:00:43 ; elapsed = 00:00:31 . Memory (MB): peak = 2504.355 ; gain = 167.238
 Number of Nodes with overlaps = 0

Phase 2.3 Update Timing
Phase 2.3 Update Timing | Checksum: 298744752

Time (s): cpu = 00:00:46 ; elapsed = 00:00:33 . Memory (MB): peak = 2692.969 ; gain = 355.852
INFO: [Route 35-416] Intermediate Timing Summary | WNS=17.747 | TNS=0.000  | WHS=-0.125 | THS=-12.015|


Router Utilization Summary
  Global Vertical Routing Utilization    = 0 %
  Global Horizontal Routing Utilization  = 0 %
  Routable Net Status*
  *Does not include unroutable nets such as driverless and loadless.
  Run report_route_status for detailed report.
  Number of Failed Nets               = 376
    (Failed Nets is the sum of unrouted and partially routed nets)
  Number of Unrouted Nets             = 376
  Number of Partially Routed Nets     = 0
  Number of Node Overlaps             = 0

Phase 2 Router Initialization | Checksum: 2a582a48c

Time (s): cpu = 00:00:48 ; elapsed = 00:00:34 . Memory (MB): peak = 2715.480 ; gain = 378.363

Phase 3 Initial Routing

Phase 3.1 Global Routing
Phase 3.1 Global Routing | Checksum: 2a582a48c

Time (s): cpu = 00:00:48 ; elapsed = 00:00:34 . Memory (MB): peak = 2715.480 ; gain = 378.363

Phase 3.2 Initial Net Routing
Phase 3.2 Initial Net Routing | Checksum: 255259943

Time (s): cpu = 00:00:48 ; elapsed = 00:00:34 . Memory (MB): peak = 2715.480 ; gain = 378.363
Phase 3 Initial Routing | Checksum: 255259943

Time (s): cpu = 00:00:48 ; elapsed = 00:00:34 . Memory (MB): peak = 2715.480 ; gain = 378.363

Phase 4 Rip-up And Reroute

Phase 4.1 Global Iteration 0
 Number of Nodes with overlaps = 20
 Number of Nodes with overlaps = 0
INFO: [Route 35-416] Intermediate Timing Summary | WNS=17.021 | TNS=0.000  | WHS=N/A    | THS=N/A    |

Phase 4.1 Global Iteration 0 | Checksum: 25c232670

Time (s): cpu = 00:00:48 ; elapsed = 00:00:34 . Memory (MB): peak = 2715.480 ; gain = 378.363
Phase 4 Rip-up And Reroute | Checksum: 25c232670

Time (s): cpu = 00:00:48 ; elapsed = 00:00:34 . Memory (MB): peak = 2715.480 ; gain = 378.363

Phase 5 Delay and Skew Optimization

Phase 5.1 Delay CleanUp
Phase 5.1 Delay CleanUp | Checksum: 25c232670

Time (s): cpu = 00:00:48 ; elapsed = 00:00:34 . Memory (MB): peak = 2715.480 ; gain = 378.363

Phase 5.2 Clock Skew Optimization
Phase 5.2 Clock Skew Optimization | Checksum: 25c232670

Time (s): cpu = 00:00:48 ; elapsed = 00:00:34 . Memory (MB): peak = 2715.480 ; gain = 378.363
Phase 5 Delay and Skew Optimization | Checksum: 25c232670

Time (s): cpu = 00:00:48 ; elapsed = 00:00:34 . Memory (MB): peak = 2715.480 ; gain = 378.363

Phase 6 Post Hold Fix

Phase 6.1 Hold Fix Iter

Phase 6.1.1 Update Timing
Phase 6.1.1 Update Timing | Checksum: 24da96682

Time (s): cpu = 00:00:48 ; elapsed = 00:00:34 . Memory (MB): peak = 2715.480 ; gain = 378.363
INFO: [Route 35-416] Intermediate Timing Summary | WNS=17.021 | TNS=0.000  | WHS=0.068  | THS=0.000  |

Phase 6.1 Hold Fix Iter | Checksum: 24da96682

Time (s): cpu = 00:00:48 ; elapsed = 00:00:34 . Memory (MB): peak = 2715.480 ; gain = 378.363
Phase 6 Post Hold Fix | Checksum: 24da96682

Time (s): cpu = 00:00:48 ; elapsed = 00:00:34 . Memory (MB): peak = 2715.480 ; gain = 378.363

Phase 7 Route finalize

Router Utilization Summary
  Global Vertical Routing Utilization    = 0.0391998 %
  Global Horizontal Routing Utilization  = 0.0146364 %
  Routable Net Status*
  *Does not include unroutable nets such as driverless and loadless.
  Run report_route_status for detailed report.
  Number of Failed Nets               = 0
    (Failed Nets is the sum of unrouted and partially routed nets)
  Number of Unrouted Nets             = 0
  Number of Partially Routed Nets     = 0
  Number of Node Overlaps             = 0

Phase 7 Route finalize | Checksum: 24da96682

Time (s): cpu = 00:00:49 ; elapsed = 00:00:34 . Memory (MB): peak = 2715.480 ; gain = 378.363

Phase 8 Verifying routed nets

 Verification completed successfully
Phase 8 Verifying routed nets | Checksum: 24da96682

Time (s): cpu = 00:00:49 ; elapsed = 00:00:34 . Memory (MB): peak = 2715.480 ; gain = 378.363

Phase 9 Depositing Routes
Phase 9 Depositing Routes | Checksum: 1d5242ded

Time (s): cpu = 00:00:49 ; elapsed = 00:00:34 . Memory (MB): peak = 2715.480 ; gain = 378.363

Phase 10 Post Router Timing
INFO: [Route 35-57] Estimated Timing Summary | WNS=17.021 | TNS=0.000  | WHS=0.068  | THS=0.000  |

INFO: [Route 35-327] The final timing numbers are based on the router estimated timing analysis. For a complete and accurate timing signoff, please run report_timing_summary.
Phase 10 Post Router Timing | Checksum: 1d5242ded

Time (s): cpu = 00:00:49 ; elapsed = 00:00:34 . Memory (MB): peak = 2715.480 ; gain = 378.363
INFO: [Route 35-16] Router Completed Successfully

Phase 11 Post-Route Event Processing
Phase 11 Post-Route Event Processing | Checksum: 1ac1a4de7

Time (s): cpu = 00:00:49 ; elapsed = 00:00:34 . Memory (MB): peak = 2715.480 ; gain = 378.363
Ending Routing Task | Checksum: 1ac1a4de7

Time (s): cpu = 00:00:49 ; elapsed = 00:00:34 . Memory (MB): peak = 2715.480 ; gain = 378.363

Routing Is Done.
INFO: [Common 17-83] Releasing license: Implementation
90 Infos, 100 Warnings, 0 Critical Warnings and 0 Errors encountered.
route_design completed successfully
route_design: Time (s): cpu = 00:00:51 ; elapsed = 00:00:36 . Memory (MB): peak = 2715.480 ; gain = 378.363
INFO: [runtcl-4] Executing : report_drc -file top_drc_routed.rpt -pb top_drc_routed.pb -rpx top_drc_routed.rpx
Command: report_drc -file top_drc_routed.rpt -pb top_drc_routed.pb -rpx top_drc_routed.rpx
INFO: [IP_Flow 19-1839] IP Catalog is up to date.
INFO: [DRC 23-27] Running DRC with 2 threads
INFO: [Vivado_Tcl 2-168] The results of DRC are in file D:/jichuang/fpga/digital_twin/digital_twin.runs/impl_1/top_drc_routed.rpt.
report_drc completed successfully
INFO: [runtcl-4] Executing : report_methodology -file top_methodology_drc_routed.rpt -pb top_methodology_drc_routed.pb -rpx top_methodology_drc_routed.rpx
Command: report_methodology -file top_methodology_drc_routed.rpt -pb top_methodology_drc_routed.pb -rpx top_methodology_drc_routed.rpx
INFO: [Timing 38-35] Done setting XDC timing constraints.
INFO: [DRC 23-133] Running Methodology with 2 threads
INFO: [Vivado_Tcl 2-1520] The results of Report Methodology are in file D:/jichuang/fpga/digital_twin/digital_twin.runs/impl_1/top_methodology_drc_routed.rpt.
report_methodology completed successfully
INFO: [runtcl-4] Executing : report_power -file top_power_routed.rpt -pb top_power_summary_routed.pb -rpx top_power_routed.rpx
Command: report_power -file top_power_routed.rpt -pb top_power_summary_routed.pb -rpx top_power_routed.rpx
INFO: [Timing 38-35] Done setting XDC timing constraints.
Running Vector-less Activity Propagation...

Finished Running Vector-less Activity Propagation
100 Infos, 100 Warnings, 0 Critical Warnings and 0 Errors encountered.
report_power completed successfully
INFO: [runtcl-4] Executing : report_route_status -file top_route_status.rpt -pb top_route_status.pb
INFO: [runtcl-4] Executing : report_timing_summary -max_paths 10 -report_unconstrained -file top_timing_summary_routed.rpt -pb top_timing_summary_routed.pb -rpx top_timing_summary_routed.rpx -warn_on_violation 
INFO: [Timing 38-91] UpdateTimingParams: Speed grade: -2, Delay Type: min_max.
INFO: [Timing 38-191] Multithreading enabled for timing update using a maximum of 2 CPUs
INFO: [runtcl-4] Executing : report_incremental_reuse -file top_incremental_reuse_routed.rpt
INFO: [Vivado_Tcl 4-1062] Incremental flow is disabled. No incremental reuse Info to report.
INFO: [runtcl-4] Executing : report_clock_utilization -file top_clock_utilization_routed.rpt
INFO: [runtcl-4] Executing : report_bus_skew -warn_on_violation -file top_bus_skew_routed.rpt -pb top_bus_skew_routed.pb -rpx top_bus_skew_routed.rpx
INFO: [Timing 38-91] UpdateTimingParams: Speed grade: -2, Delay Type: min_max.
INFO: [Timing 38-191] Multithreading enabled for timing update using a maximum of 2 CPUs
INFO: [Timing 38-480] Writing timing data to binary archive.
Write ShapeDB Complete: Time (s): cpu = 00:00:00 ; elapsed = 00:00:00.003 . Memory (MB): peak = 2715.480 ; gain = 0.000
Wrote PlaceDB: Time (s): cpu = 00:00:00 ; elapsed = 00:00:00.034 . Memory (MB): peak = 2715.480 ; gain = 0.000
Wrote PulsedLatchDB: Time (s): cpu = 00:00:00 ; elapsed = 00:00:00 . Memory (MB): peak = 2715.480 ; gain = 0.000
Writing XDEF routing.
Writing XDEF routing logical nets.
Writing XDEF routing special nets.
Wrote RouteStorage: Time (s): cpu = 00:00:00 ; elapsed = 00:00:00.023 . Memory (MB): peak = 2715.480 ; gain = 0.000
Wrote Netlist Cache: Time (s): cpu = 00:00:00 ; elapsed = 00:00:00.001 . Memory (MB): peak = 2715.480 ; gain = 0.000
Wrote Device Cache: Time (s): cpu = 00:00:00 ; elapsed = 00:00:00.009 . Memory (MB): peak = 2715.480 ; gain = 0.000
Write Physdb Complete: Time (s): cpu = 00:00:00 ; elapsed = 00:00:00.087 . Memory (MB): peak = 2715.480 ; gain = 0.000
INFO: [Common 17-1381] The checkpoint 'D:/jichuang/fpga/digital_twin/digital_twin.runs/impl_1/top_routed.dcp' has been generated.
INFO: [Common 17-206] Exiting Vivado at Thu Apr  2 14:33:51 2026...

*** Running vivado
    with args -log top.vdi -applog -m64 -product Vivado -messageDb vivado.pb -mode batch -source top.tcl -notrace


ECHO 处于关闭状态。
ECHO 处于关闭状态。

****** Vivado v2023.2 (64-bit)
  **** SW Build 4029153 on Fri Oct 13 20:14:34 MDT 2023
  **** IP Build 4028589 on Sat Oct 14 00:45:43 MDT 2023
  **** SharedData Build 4025554 on Tue Oct 10 17:18:54 MDT 2023
    ** Copyright 1986-2022 Xilinx, Inc. All Rights Reserved.
    ** Copyright 2022-2023 Advanced Micro Devices, Inc. All Rights Reserved.

source top.tcl -notrace
Command: open_checkpoint top_routed.dcp
INFO: [Device 21-403] Loading part xc7k325tffg900-2
Netlist sorting complete. Time (s): cpu = 00:00:00 ; elapsed = 00:00:00.004 . Memory (MB): peak = 954.414 ; gain = 0.000
INFO: [Netlist 29-17] Analyzing 12 Unisim elements for replacement
INFO: [Netlist 29-28] Unisim Transformation completed in 1 CPU seconds
INFO: [Project 1-479] Netlist was created with Vivado 2023.2
INFO: [Project 1-570] Preparing netlist for logic optimization
Read ShapeDB Complete: Time (s): cpu = 00:00:00 ; elapsed = 00:00:00.006 . Memory (MB): peak = 1061.285 ; gain = 0.074
INFO: [Timing 38-478] Restoring timing data from binary archive.
INFO: [Timing 38-479] Binary timing data restore complete.
INFO: [Project 1-856] Restoring constraints from binary archive.
INFO: [Project 1-853] Binary constraint restore complete.
INFO: [Designutils 20-5722] Start Reading Physical Databases.
Reading placement.
Read Netlist Cache: Time (s): cpu = 00:00:00 ; elapsed = 00:00:00.001 . Memory (MB): peak = 1722.672 ; gain = 0.000
Reading placer database...
Read Device Cache: Time (s): cpu = 00:00:00 ; elapsed = 00:00:00.011 . Memory (MB): peak = 1722.672 ; gain = 0.000
Read PlaceDB: Time (s): cpu = 00:00:00 ; elapsed = 00:00:00.019 . Memory (MB): peak = 1722.672 ; gain = 0.000
Read PulsedLatchDB: Time (s): cpu = 00:00:00 ; elapsed = 00:00:00 . Memory (MB): peak = 1722.672 ; gain = 0.000
Reading routing.
Read RouteStorage: Time (s): cpu = 00:00:00 ; elapsed = 00:00:00.016 . Memory (MB): peak = 1722.672 ; gain = 0.000
Read Physdb Files: Time (s): cpu = 00:00:00 ; elapsed = 00:00:00.070 . Memory (MB): peak = 1722.672 ; gain = 0.000
Restored from archive | CPU: 0.000000 secs | Memory: 0.000000 MB |
Finished XDEF File Restore: Time (s): cpu = 00:00:00 ; elapsed = 00:00:00.143 . Memory (MB): peak = 1722.672 ; gain = 7.992
Netlist sorting complete. Time (s): cpu = 00:00:00 ; elapsed = 00:00:00.002 . Memory (MB): peak = 1722.672 ; gain = 0.000
INFO: [Project 1-111] Unisim Transformation Summary:
No Unisim elements were transformed.

系统找不到指定的路径。
INFO: [Project 1-604] Checkpoint was created with Vivado v2023.2 (64-bit) build 4029153
open_checkpoint: Time (s): cpu = 00:00:26 ; elapsed = 00:00:29 . Memory (MB): peak = 1722.672 ; gain = 1403.363
Command: write_bitstream -force top.bit
Attempting to get a license for feature 'Implementation' and/or device 'xc7k325t'
INFO: [Common 17-349] Got license for feature 'Implementation' and/or device 'xc7k325t'
Running DRC as a precondition to command write_bitstream
INFO: [IP_Flow 19-234] Refreshing IP repositories
INFO: [IP_Flow 19-1704] No user IP repositories specified
INFO: [IP_Flow 19-2313] Loaded Vivado IP repository 'D:/Xilinx/Vivado/2023.2/data/ip'.
INFO: [DRC 23-27] Running DRC with 2 threads
WARNING: [DRC CFGBVS-1] Missing CFGBVS and CONFIG_VOLTAGE Design Properties: Neither the CFGBVS nor CONFIG_VOLTAGE voltage property is set in the current_design.  Configuration bank voltage select (CFGBVS) must be set to VCCO or GND, and CONFIG_VOLTAGE must be set to the correct configuration voltage, in order to determine the I/O voltage support for the pins in bank 0.  It is suggested to specify these either using the 'Edit Device Properties' function in the GUI or directly in the XDC file using the following syntax:

 set_property CFGBVS value1 [current_design]
 #where value1 is either VCCO or GND

 set_property CONFIG_VOLTAGE value2 [current_design]
 #where value2 is the voltage provided to configuration bank 0

Refer to the device configuration user guide for more information.
INFO: [Vivado 12-3199] DRC finished with 0 Errors, 1 Warnings
INFO: [Vivado 12-3200] Please refer to the DRC report (report_drc) for more information.
INFO: [Designutils 20-2272] Running write_bitstream with 2 threads.
Loading data files...
Loading site data...
Loading route data...
Processing options...
Creating bitmap...
Creating bitstream...
Writing bitstream ./top.bit...
INFO: [Vivado 12-1842] Bitgen Completed Successfully.
INFO: [Common 17-83] Releasing license: Implementation
22 Infos, 1 Warnings, 0 Critical Warnings and 0 Errors encountered.
write_bitstream completed successfully
write_bitstream: Time (s): cpu = 00:00:29 ; elapsed = 00:00:27 . Memory (MB): peak = 2353.352 ; gain = 630.680
INFO: [Common 17-206] Exiting Vivado at Thu Apr  2 14:35:22 2026...
